/home/work_nfs4_ssd/lvshubo/data/DNS-2022/blind_test/wideband_16kHz/noisy_clips_wb_16kHz/ms_realrec_emotional_earphone_A25UMKJS7PC293_chips_near_yelling_fileid_4.wav
/home/work_nfs4_ssd/lvshubo/data/DNS-2022/blind_test/wideband_16kHz/noisy_clips_wb_16kHz/ms_realrec_emotional_earphone_A25UMKJS7PC293_clatter_near_amazed_fileid_6.wav
/home/work_nfs4_ssd/lvshubo/data/DNS-2022/blind_test/wideband_16kHz/noisy_clips_wb_16kHz/ms_realrec_emotional_earphone_A25UMKJS7PC293_clatter_near_crying_fileid_3.wav
/home/work_nfs4_ssd/lvshubo/data/DNS-2022/blind_test/wideband_16kHz/noisy_clips_wb_16kHz/ms_realrec_emotional_earphone_A25UMKJS7PC293_kitchenvessels_near_surprise_fileid_7.wav
/home/work_nfs4_ssd/lvshubo/data/DNS-2022/blind_test/wideband_16kHz/noisy_clips_wb_16kHz/ms_realrec_emotional_earphones_A25UMKJS7PC293_typing_near_laughter_fileid_2.wav
/home/work_nfs4_ssd/lvshubo/data/DNS-2022/blind_test/wideband_16kHz/noisy_clips_wb_16kHz/ms_realrec_emotional_headset_A1EK8YNHZHTW1J_car_far_Amazed_fileid_8.wav
/home/work_nfs4_ssd/lvshubo/data/DNS-2022/blind_test/wideband_16kHz/noisy_clips_wb_16kHz/ms_realrec_emotional_headset_A1EK8YNHZHTW1J_car_far_Amazed_fileid_9.wav
/home/work_nfs4_ssd/lvshubo/data/DNS-2022/blind_test/wideband_16kHz/noisy_clips_wb_16kHz/ms_realrec_emotional_headset_A1EK8YNHZHTW1J_Clatter_Noise_far_Crying_fileid_7.wav
/home/work_nfs4_ssd/lvshubo/data/DNS-2022/blind_test/wideband_16kHz/noisy_clips_wb_16kHz/ms_realrec_emotional_headset_A1EK8YNHZHTW1J_Door_shutting_far_Yelling_fileid_5.wav
/home/work_nfs4_ssd/lvshubo/data/DNS-2022/blind_test/wideband_16kHz/noisy_clips_wb_16kHz/ms_realrec_emotional_headset_A1EK8YNHZHTW1J_Door_shutting_far_Yelling_fileid_6.wav
/home/work_nfs4_ssd/lvshubo/data/DNS-2022/blind_test/wideband_16kHz/noisy_clips_wb_16kHz/ms_realrec_emotional_headset_A1EK8YNHZHTW1J_fan_far_laughter_fileid_1.wav
/home/work_nfs4_ssd/lvshubo/data/DNS-2022/blind_test/wideband_16kHz/noisy_clips_wb_16kHz/ms_realrec_emotional_headset_A1EK8YNHZHTW1J_fan_far_laughter_fileid_2.wav
/home/work_nfs4_ssd/lvshubo/data/DNS-2022/blind_test/wideband_16kHz/noisy_clips_wb_16kHz/ms_realrec_emotional_headset_A1EK8YNHZHTW1J_Kitchen_Vessels_far_Surprised_fileid_10.wav
/home/work_nfs4_ssd/lvshubo/data/DNS-2022/blind_test/wideband_16kHz/noisy_clips_wb_16kHz/ms_realrec_emotional_headset_A1EK8YNHZHTW1J_Running_Water_far_Laughter_fileid_11.wav
/home/work_nfs4_ssd/lvshubo/data/DNS-2022/blind_test/wideband_16kHz/noisy_clips_wb_16kHz/ms_realrec_emotional_headset_A1EK8YNHZHTW1J_Running_Water_far_Laughter_fileid_12.wav
/home/work_nfs4_ssd/lvshubo/data/DNS-2022/blind_test/wideband_16kHz/noisy_clips_wb_16kHz/ms_realrec_emotional_headset_A1EK8YNHZHTW1J_typing_far_Shouting_fileid_3.wav
/home/work_nfs4_ssd/lvshubo/data/DNS-2022/blind_test/wideband_16kHz/noisy_clips_wb_16kHz/ms_realrec_emotional_headset_A1EK8YNHZHTW1J_typing_far_Shouting_fileid_4.wav
/home/work_nfs4_ssd/lvshubo/data/DNS-2022/blind_test/wideband_16kHz/noisy_clips_wb_16kHz/ms_realrec_emotional_headset_A2AHXGFXPG6ZSR_car_far_Amazed_fileid_8.wav
/home/work_nfs4_ssd/lvshubo/data/DNS-2022/blind_test/wideband_16kHz/noisy_clips_wb_16kHz/ms_realrec_emotional_headset_A2AHXGFXPG6ZSR_car_far_Amazed_fileid_9.wav
/home/work_nfs4_ssd/lvshubo/data/DNS-2022/blind_test/wideband_16kHz/noisy_clips_wb_16kHz/ms_realrec_emotional_headset_A2AHXGFXPG6ZSR_Clatter_Noise_far_Crying_fileid_7.wav
/home/work_nfs4_ssd/lvshubo/data/DNS-2022/blind_test/wideband_16kHz/noisy_clips_wb_16kHz/ms_realrec_emotional_headset_A2AHXGFXPG6ZSR_Door_shutting_far_Yelling_fileid_5.wav
/home/work_nfs4_ssd/lvshubo/data/DNS-2022/blind_test/wideband_16kHz/noisy_clips_wb_16kHz/ms_realrec_emotional_headset_A2AHXGFXPG6ZSR_Door_shutting_far_Yelling_fileid_6.wav
/home/work_nfs4_ssd/lvshubo/data/DNS-2022/blind_test/wideband_16kHz/noisy_clips_wb_16kHz/ms_realrec_emotional_headset_A2AHXGFXPG6ZSR_Kitchen_Vessels_far_Surprised_fileid_10.wav
/home/work_nfs4_ssd/lvshubo/data/DNS-2022/blind_test/wideband_16kHz/noisy_clips_wb_16kHz/ms_realrec_emotional_headset_A2AHXGFXPG6ZSR_Running_Water_far_Laughter_fileid_11.wav
/home/work_nfs4_ssd/lvshubo/data/DNS-2022/blind_test/wideband_16kHz/noisy_clips_wb_16kHz/ms_realrec_emotional_headset_A2AHXGFXPG6ZSR_Running_Water_far_Laughter_fileid_12.wav
/home/work_nfs4_ssd/lvshubo/data/DNS-2022/blind_test/wideband_16kHz/noisy_clips_wb_16kHz/ms_realrec_emotional_headset_A2AHXGFXPG6ZSR_typing_far_Shouting_fileid_3.wav
/home/work_nfs4_ssd/lvshubo/data/DNS-2022/blind_test/wideband_16kHz/noisy_clips_wb_16kHz/ms_realrec_emotional_headset_A2AHXGFXPG6ZSR_typing_far_Shouting_fileid_4.wav
/home/work_nfs4_ssd/lvshubo/data/DNS-2022/blind_test/wideband_16kHz/noisy_clips_wb_16kHz/ms_realrec_emotional_headset_A2Y2RVQO2UVFV1_car_far_Amazed_fileid_8.wav
/home/work_nfs4_ssd/lvshubo/data/DNS-2022/blind_test/wideband_16kHz/noisy_clips_wb_16kHz/ms_realrec_emotional_headset_A2Y2RVQO2UVFV1_car_far_Amazed_fileid_9.wav
/home/work_nfs4_ssd/lvshubo/data/DNS-2022/blind_test/wideband_16kHz/noisy_clips_wb_16kHz/ms_realrec_emotional_headset_A2Y2RVQO2UVFV1_Clatter_Noise_far_Crying_fileid_7.wav
/home/work_nfs4_ssd/lvshubo/data/DNS-2022/blind_test/wideband_16kHz/noisy_clips_wb_16kHz/ms_realrec_emotional_headset_A2Y2RVQO2UVFV1_Door_shutting_far_Yelling_fileid_5.wav
/home/work_nfs4_ssd/lvshubo/data/DNS-2022/blind_test/wideband_16kHz/noisy_clips_wb_16kHz/ms_realrec_emotional_headset_A2Y2RVQO2UVFV1_Door_shutting_far_Yelling_fileid_6.wav
/home/work_nfs4_ssd/lvshubo/data/DNS-2022/blind_test/wideband_16kHz/noisy_clips_wb_16kHz/ms_realrec_emotional_headset_A2Y2RVQO2UVFV1_fan_far_laughter_fileid_1.wav
/home/work_nfs4_ssd/lvshubo/data/DNS-2022/blind_test/wideband_16kHz/noisy_clips_wb_16kHz/ms_realrec_emotional_headset_A2Y2RVQO2UVFV1_fan_far_laughter_fileid_2.wav
/home/work_nfs4_ssd/lvshubo/data/DNS-2022/blind_test/wideband_16kHz/noisy_clips_wb_16kHz/ms_realrec_emotional_headset_A2Y2RVQO2UVFV1_Kitchen_Vessels_far_Surprised_fileid_10.wav
/home/work_nfs4_ssd/lvshubo/data/DNS-2022/blind_test/wideband_16kHz/noisy_clips_wb_16kHz/ms_realrec_emotional_headset_A2Y2RVQO2UVFV1_Running_Water_far_Crying_fileid_12.wav
/home/work_nfs4_ssd/lvshubo/data/DNS-2022/blind_test/wideband_16kHz/noisy_clips_wb_16kHz/ms_realrec_emotional_headset_A2Y2RVQO2UVFV1_Running_Water_far_Laughter_fileid_11.wav
/home/work_nfs4_ssd/lvshubo/data/DNS-2022/blind_test/wideband_16kHz/noisy_clips_wb_16kHz/ms_realrec_emotional_headset_A2Y2RVQO2UVFV1_Running_Water_far_Laughter_fileid_12.wav
/home/work_nfs4_ssd/lvshubo/data/DNS-2022/blind_test/wideband_16kHz/noisy_clips_wb_16kHz/ms_realrec_emotional_headset_A2Y2RVQO2UVFV1_typing_far_Shouting_fileid_3.wav
/home/work_nfs4_ssd/lvshubo/data/DNS-2022/blind_test/wideband_16kHz/noisy_clips_wb_16kHz/ms_realrec_emotional_headset_A2Y2RVQO2UVFV1_typing_far_Shouting_fileid_4.wav
/home/work_nfs4_ssd/lvshubo/data/DNS-2022/blind_test/wideband_16kHz/noisy_clips_wb_16kHz/ms_realrec_emotional_headset_A3KSAP865D3L7D_car_near_crying_fileid_6.wav
/home/work_nfs4_ssd/lvshubo/data/DNS-2022/blind_test/wideband_16kHz/noisy_clips_wb_16kHz/ms_realrec_emotional_headset_A3KSAP865D3L7D_car_near_surprised_fileid_7.wav
/home/work_nfs4_ssd/lvshubo/data/DNS-2022/blind_test/wideband_16kHz/noisy_clips_wb_16kHz/ms_realrec_emotional_headset_A3KSAP865D3L7D_dog_barking_far_shouting_fileid_8.wav
/home/work_nfs4_ssd/lvshubo/data/DNS-2022/blind_test/wideband_16kHz/noisy_clips_wb_16kHz/ms_realrec_emotional_headset_A3KSAP865D3L7D_dog_barking_near_shouting_fileid_1.wav
/home/work_nfs4_ssd/lvshubo/data/DNS-2022/blind_test/wideband_16kHz/noisy_clips_wb_16kHz/ms_realrec_emotional_headset_A3KSAP865D3L7D_running_water_far_crying_fileid_10.wav
/home/work_nfs4_ssd/lvshubo/data/DNS-2022/blind_test/wideband_16kHz/noisy_clips_wb_16kHz/ms_realrec_emotional_headset_A3KSAP865D3L7D_running_water_far_laughter_fileid_9.wav
/home/work_nfs4_ssd/lvshubo/data/DNS-2022/blind_test/wideband_16kHz/noisy_clips_wb_16kHz/ms_realrec_emotional_laptopmic_A3VBNWON5XOUVS_clatter_far_sx31_3.wav
/home/work_nfs4_ssd/lvshubo/data/DNS-2022/blind_test/wideband_16kHz/noisy_clips_wb_16kHz/ms_realrec_emotional_laptopmic_A3VBNWON5XOUVS_clatter_near_si1753_9.wav
/home/work_nfs4_ssd/lvshubo/data/DNS-2022/blind_test/wideband_16kHz/noisy_clips_wb_16kHz/ms_realrec_emotional_laptopmic_A3VBNWON5XOUVS_doorclosing_far_si820_6.wav
/home/work_nfs4_ssd/lvshubo/data/DNS-2022/blind_test/wideband_16kHz/noisy_clips_wb_16kHz/ms_realrec_emotional_laptopmic_A3VBNWON5XOUVS_heavybreathing_near_si2322_7.wav
/home/work_nfs4_ssd/lvshubo/data/DNS-2022/blind_test/wideband_16kHz/noisy_clips_wb_16kHz/ms_realrec_emotional_laptopmic_A3VBNWON5XOUVS_openpacket_far_si2234_5.wav
/home/work_nfs4_ssd/lvshubo/data/DNS-2022/blind_test/wideband_16kHz/noisy_clips_wb_16kHz/ms_realrec_emotional_laptopmic_A3VBNWON5XOUVS_typing_far_si2192_8.wav
/home/work_nfs4_ssd/lvshubo/data/DNS-2022/blind_test/wideband_16kHz/noisy_clips_wb_16kHz/ms_realrec_emotional_laptopmic_A3VBNWON5XOUVS_typing_near_si1129_10.wav
/home/work_nfs4_ssd/lvshubo/data/DNS-2022/blind_test/wideband_16kHz/noisy_clips_wb_16kHz/ms_realrec_emotional_laptopmic_A3VBNWON5XOUVS_typing_near_si1805_2.wav
/home/work_nfs4_ssd/lvshubo/data/DNS-2022/blind_test/wideband_16kHz/noisy_clips_wb_16kHz/ms_realrec_emotional_openspeaker_ASEW6NZHLI41K_doorshutting_near_cry_fileid_5.wav
/home/work_nfs4_ssd/lvshubo/data/DNS-2022/blind_test/wideband_16kHz/noisy_clips_wb_16kHz/ms_realrec_emotional_openspeaker_ASEW6NZHLI41K_fan_far_cry_fileid_7.wav
/home/work_nfs4_ssd/lvshubo/data/DNS-2022/blind_test/wideband_16kHz/noisy_clips_wb_16kHz/ms_realrec_emotional_openspeaker_ASEW6NZHLI41K_heavybreathing_far_surprise_fileid_1.wav
/home/work_nfs4_ssd/lvshubo/data/DNS-2022/blind_test/wideband_16kHz/noisy_clips_wb_16kHz/ms_realrec_emotional_openspeaker_ASEW6NZHLI41K_heavybreathing_near_surprise_fileid_2.wav
/home/work_nfs4_ssd/lvshubo/data/DNS-2022/blind_test/wideband_16kHz/noisy_clips_wb_16kHz/ms_realrec_emotional_openspeaker_ASEW6NZHLI41K_kitchenvessels_far_shouting_fileid_11.wav
/home/work_nfs4_ssd/lvshubo/data/DNS-2022/blind_test/wideband_16kHz/noisy_clips_wb_16kHz/ms_realrec_emotional_openspeaker_ASEW6NZHLI41K_kitchenvessels_near_shouting_fileid_12.wav
/home/work_nfs4_ssd/lvshubo/data/DNS-2022/blind_test/wideband_16kHz/noisy_clips_wb_16kHz/ms_realrec_emotional_openspeaker_ASEW6NZHLI41K_openingchipspacket_far_laugh_fileid_3.wav
/home/work_nfs4_ssd/lvshubo/data/DNS-2022/blind_test/wideband_16kHz/noisy_clips_wb_16kHz/ms_realrec_emotional_openspeaker_ASEW6NZHLI41K_openingchipspacket_near_laugh_fileid_4.wav
/home/work_nfs4_ssd/lvshubo/data/DNS-2022/blind_test/wideband_16kHz/noisy_clips_wb_16kHz/ms_realrec_emotional_openspeaker_ASEW6NZHLI41K_runningwater_near_shouting_fileid_6.wav
/home/work_nfs4_ssd/lvshubo/data/DNS-2022/blind_test/wideband_16kHz/noisy_clips_wb_16kHz/ms_realrec_emotional_openspeaker_ASEW6NZHLI41K_typing_far_shouting_fileid_9.wav
/home/work_nfs4_ssd/lvshubo/data/DNS-2022/blind_test/wideband_16kHz/noisy_clips_wb_16kHz/ms_realrec_emotional_openspeaker_ASEW6NZHLI41K_typing_near_shouting_fileid_10.wav
/home/work_nfs4_ssd/lvshubo/data/DNS-2022/blind_test/wideband_16kHz/noisy_clips_wb_16kHz/ms_realrec_emotional_speaker_A25UMKJS7PC293_chips_near_shouting_fileid_5.wav
/home/work_nfs4_ssd/lvshubo/data/DNS-2022/blind_test/wideband_16kHz/noisy_clips_wb_16kHz/ms_realrec_emotional_speaker_A25UMKJS7PC293_doorclosing_far_amazed_fileid_9.wav
/home/work_nfs4_ssd/lvshubo/data/DNS-2022/blind_test/wideband_16kHz/noisy_clips_wb_16kHz/ms_realrec_emotional_speaker_A25UMKJS7PC293_kitchenvessels_far_shouting_fileid_10.wav
/home/work_nfs4_ssd/lvshubo/data/DNS-2022/blind_test/wideband_16kHz/noisy_clips_wb_16kHz/ms_realrec_emotional_speaker_A25UMKJS7PC293_runningwater_far_surprised_fileid_8.wav
/home/work_nfs4_ssd/lvshubo/data/DNS-2022/blind_test/wideband_16kHz/noisy_clips_wb_16kHz/ms_realrec_emotional_speaker_A25UMKJS7PC293_typing_far_laughter_fileid_11.wav
/home/work_nfs4_ssd/lvshubo/data/DNS-2022/blind_test/wideband_16kHz/noisy_clips_wb_16kHz/ms_realrec_emotional_stationary_headset_A1EK8YNHZHTW1J_fan_far_laughter_fileid_1.wav
/home/work_nfs4_ssd/lvshubo/data/DNS-2022/blind_test/wideband_16kHz/noisy_clips_wb_16kHz/ms_realrec_emotional_stationary_headset_A1EK8YNHZHTW1J_fan_far_laughter_fileid_2.wav
/home/work_nfs4_ssd/lvshubo/data/DNS-2022/blind_test/wideband_16kHz/noisy_clips_wb_16kHz/ms_realrec_emotional_stationary_headset_A2AHXGFXPG6ZSR_fan_far_laughter_fileid_1.wav
/home/work_nfs4_ssd/lvshubo/data/DNS-2022/blind_test/wideband_16kHz/noisy_clips_wb_16kHz/ms_realrec_emotional_stationary_headset_A2AHXGFXPG6ZSR_fan_far_laughter_fileid_2.wav
/home/work_nfs4_ssd/lvshubo/data/DNS-2022/blind_test/wideband_16kHz/noisy_clips_wb_16kHz/ms_realrec_emotional_stationary_headset_A2Y2RVQO2UVFV1_fan_far_laughter_fileid_1.wav
/home/work_nfs4_ssd/lvshubo/data/DNS-2022/blind_test/wideband_16kHz/noisy_clips_wb_16kHz/ms_realrec_emotional_stationary_headset_A2Y2RVQO2UVFV1_fan_far_laughter_fileid_2.wav
/home/work_nfs4_ssd/lvshubo/data/DNS-2022/blind_test/wideband_16kHz/noisy_clips_wb_16kHz/ms_realrec_emotional_stationary_headset_A3KSAP865D3L7D_air_conditioner_near_crying_fileid_5.wav
/home/work_nfs4_ssd/lvshubo/data/DNS-2022/blind_test/wideband_16kHz/noisy_clips_wb_16kHz/ms_realrec_emotional_stationary_headset_A3KSAP865D3L7D_air_conditioner_near_laughter_fileid_4.wav
/home/work_nfs4_ssd/lvshubo/data/DNS-2022/blind_test/wideband_16kHz/noisy_clips_wb_16kHz/ms_realrec_emotional_stationary_headset_A3KSAP865D3L7D_fan_far_surprised_fileid_11.wav
/home/work_nfs4_ssd/lvshubo/data/DNS-2022/blind_test/wideband_16kHz/noisy_clips_wb_16kHz/ms_realrec_emotional_stationary_headset_A3KSAP865D3L7D_fan_far_surprised_fileid_12.wav
/home/work_nfs4_ssd/lvshubo/data/DNS-2022/blind_test/wideband_16kHz/noisy_clips_wb_16kHz/ms_realrec_emotional_stationary_laptopmic_A3VBNWON5XOUVS_airconditioner_far_si1159_1.wav
/home/work_nfs4_ssd/lvshubo/data/DNS-2022/blind_test/wideband_16kHz/noisy_clips_wb_16kHz/ms_realrec_emotional_stationary_laptopmic_A3VBNWON5XOUVS_airconditioner_near_sx61_11.wav
/home/work_nfs4_ssd/lvshubo/data/DNS-2022/blind_test/wideband_16kHz/noisy_clips_wb_16kHz/ms_realrec_emotional_stationary_laptopmic_A3VBNWON5XOUVS_fan_near_si2318_4.wav
/home/work_nfs4_ssd/lvshubo/data/DNS-2022/blind_test/wideband_16kHz/noisy_clips_wb_16kHz/ms_realrec_emotional_stationary_laptopmic_A3VBNWON5XOUVS_fan_near_sx293_12.wav
/home/work_nfs4_ssd/lvshubo/data/DNS-2022/blind_test/wideband_16kHz/noisy_clips_wb_16kHz/ms_realrec_emotional_stationary_openspeaker_ASEW6NZHLI41K_fan_near_cry_fileid_8.wav
/home/work_nfs4_ssd/lvshubo/data/DNS-2022/blind_test/wideband_16kHz/noisy_clips_wb_16kHz/ms_realrec_emotional_stationary_speaker_A25UMKJS7PC293_fan_far_surprised_fileid_12.wav
/home/work_nfs4_ssd/lvshubo/data/DNS-2022/blind_test/wideband_16kHz/noisy_clips_wb_16kHz/ms_realrec_emotional_stationary_speaker_A25UMKJS7PC293_fan_near_laughter_fileid_1.wav
/home/work_nfs4_ssd/lvshubo/data/DNS-2022/blind_test/wideband_16kHz/noisy_clips_wb_16kHz/ms_realrec_english_headset_A1XUZFDVKP95VC_Clattering_Sounds_Near_fileid_10.wav
/home/work_nfs4_ssd/lvshubo/data/DNS-2022/blind_test/wideband_16kHz/noisy_clips_wb_16kHz/ms_realrec_english_headset_A1XUZFDVKP95VC_Door_Shutting_Near_fileid_12.wav
/home/work_nfs4_ssd/lvshubo/data/DNS-2022/blind_test/wideband_16kHz/noisy_clips_wb_16kHz/ms_realrec_english_headset_A1XUZFDVKP95VC_Kitchen_Vessels_Near_fileid_11.wav
/home/work_nfs4_ssd/lvshubo/data/DNS-2022/blind_test/wideband_16kHz/noisy_clips_wb_16kHz/ms_realrec_english_headset_A1XUZFDVKP95VC_Opening_chips_packet_Near_fileid_1.wav
/home/work_nfs4_ssd/lvshubo/data/DNS-2022/blind_test/wideband_16kHz/noisy_clips_wb_16kHz/ms_realrec_english_headset_A1XUZFDVKP95VC_Typing_Near_fileid_3.wav
/home/work_nfs4_ssd/lvshubo/data/DNS-2022/blind_test/wideband_16kHz/noisy_clips_wb_16kHz/ms_realrec_english_headset_A1XUZFDVKP95VC_Water_Runnimg_Near_fileid_6.wav
/home/work_nfs4_ssd/lvshubo/data/DNS-2022/blind_test/wideband_16kHz/noisy_clips_wb_16kHz/ms_realrec_english_headset_A1XUZFDVKP95VC_Water_Running__far_fileid_7.wav
/home/work_nfs4_ssd/lvshubo/data/DNS-2022/blind_test/wideband_16kHz/noisy_clips_wb_16kHz/ms_realrec_english_headset_A2H95JVPEKRUWA_CAR_far_fileid_3.wav
/home/work_nfs4_ssd/lvshubo/data/DNS-2022/blind_test/wideband_16kHz/noisy_clips_wb_16kHz/ms_realrec_english_headset_A2H95JVPEKRUWA_child_crying_far_fileid_11.wav
/home/work_nfs4_ssd/lvshubo/data/DNS-2022/blind_test/wideband_16kHz/noisy_clips_wb_16kHz/ms_realrec_english_headset_A2H95JVPEKRUWA_clatter_noise_far_fileid_4.wav
/home/work_nfs4_ssd/lvshubo/data/DNS-2022/blind_test/wideband_16kHz/noisy_clips_wb_16kHz/ms_realrec_english_headset_A2H95JVPEKRUWA_creaking_chair_far_fileid_12.wav
/home/work_nfs4_ssd/lvshubo/data/DNS-2022/blind_test/wideband_16kHz/noisy_clips_wb_16kHz/ms_realrec_english_headset_A2H95JVPEKRUWA_dog_barking_far_fileid_5.wav
/home/work_nfs4_ssd/lvshubo/data/DNS-2022/blind_test/wideband_16kHz/noisy_clips_wb_16kHz/ms_realrec_english_headset_A2H95JVPEKRUWA_door_shutting_far_fileid_6.wav
/home/work_nfs4_ssd/lvshubo/data/DNS-2022/blind_test/wideband_16kHz/noisy_clips_wb_16kHz/ms_realrec_english_headset_A2H95JVPEKRUWA_kitchen_vesseles_far_fileid_8.wav
/home/work_nfs4_ssd/lvshubo/data/DNS-2022/blind_test/wideband_16kHz/noisy_clips_wb_16kHz/ms_realrec_english_headset_A2H95JVPEKRUWA_opening_chips_packet_far_fileid_10.wav
/home/work_nfs4_ssd/lvshubo/data/DNS-2022/blind_test/wideband_16kHz/noisy_clips_wb_16kHz/ms_realrec_english_headset_A2H95JVPEKRUWA_running_water_far_fileid_9.wav
/home/work_nfs4_ssd/lvshubo/data/DNS-2022/blind_test/wideband_16kHz/noisy_clips_wb_16kHz/ms_realrec_english_headset_A2H95JVPEKRUWA_typing_far_fileid_1.wav
/home/work_nfs4_ssd/lvshubo/data/DNS-2022/blind_test/wideband_16kHz/noisy_clips_wb_16kHz/ms_realrec_english_headset_car_sound_near.wav
/home/work_nfs4_ssd/lvshubo/data/DNS-2022/blind_test/wideband_16kHz/noisy_clips_wb_16kHz/ms_realrec_english_headset_clatter.wav
/home/work_nfs4_ssd/lvshubo/data/DNS-2022/blind_test/wideband_16kHz/noisy_clips_wb_16kHz/ms_realrec_english_headset_copymachine_near.wav
/home/work_nfs4_ssd/lvshubo/data/DNS-2022/blind_test/wideband_16kHz/noisy_clips_wb_16kHz/ms_realrec_english_headset_dishwasher_far.wav
/home/work_nfs4_ssd/lvshubo/data/DNS-2022/blind_test/wideband_16kHz/noisy_clips_wb_16kHz/ms_realrec_english_headset_door_near.wav
/home/work_nfs4_ssd/lvshubo/data/DNS-2022/blind_test/wideband_16kHz/noisy_clips_wb_16kHz/ms_realrec_english_headset_kitchen-01.wav
/home/work_nfs4_ssd/lvshubo/data/DNS-2022/blind_test/wideband_16kHz/noisy_clips_wb_16kHz/ms_realrec_english_headset_kitchen-02.wav
/home/work_nfs4_ssd/lvshubo/data/DNS-2022/blind_test/wideband_16kHz/noisy_clips_wb_16kHz/ms_realrec_english_headset_typing.wav
/home/work_nfs4_ssd/lvshubo/data/DNS-2022/blind_test/wideband_16kHz/noisy_clips_wb_16kHz/ms_realrec_english_headset_waterfall-01.wav
/home/work_nfs4_ssd/lvshubo/data/DNS-2022/blind_test/wideband_16kHz/noisy_clips_wb_16kHz/ms_realrec_english_headset_waterfall-02.wav
/home/work_nfs4_ssd/lvshubo/data/DNS-2022/blind_test/wideband_16kHz/noisy_clips_wb_16kHz/ms_realrec_english_laptop_A2VMGYCS5VHQNZ_airconditioner_far_fileid_12.wav
/home/work_nfs4_ssd/lvshubo/data/DNS-2022/blind_test/wideband_16kHz/noisy_clips_wb_16kHz/ms_realrec_english_laptop_A2VMGYCS5VHQNZ_babycrying_near_fileid_5.wav
/home/work_nfs4_ssd/lvshubo/data/DNS-2022/blind_test/wideband_16kHz/noisy_clips_wb_16kHz/ms_realrec_english_laptop_A2VMGYCS5VHQNZ_babycrying_near_fileid_6.wav
/home/work_nfs4_ssd/lvshubo/data/DNS-2022/blind_test/wideband_16kHz/noisy_clips_wb_16kHz/ms_realrec_english_laptop_A2VMGYCS5VHQNZ_car_near_fileid_3.wav
/home/work_nfs4_ssd/lvshubo/data/DNS-2022/blind_test/wideband_16kHz/noisy_clips_wb_16kHz/ms_realrec_english_laptop_A2VMGYCS5VHQNZ_car_near_fileid_4.wav
/home/work_nfs4_ssd/lvshubo/data/DNS-2022/blind_test/wideband_16kHz/noisy_clips_wb_16kHz/ms_realrec_english_laptop_A2VMGYCS5VHQNZ_dogbarking_near_fileid_8.wav
/home/work_nfs4_ssd/lvshubo/data/DNS-2022/blind_test/wideband_16kHz/noisy_clips_wb_16kHz/ms_realrec_english_laptop_A2VMGYCS5VHQNZ_doorshutting_far_fileid_9.wav
/home/work_nfs4_ssd/lvshubo/data/DNS-2022/blind_test/wideband_16kHz/noisy_clips_wb_16kHz/ms_realrec_english_laptop_A2VMGYCS5VHQNZ_openingchipspacket_far_fileid_11.wav
/home/work_nfs4_ssd/lvshubo/data/DNS-2022/blind_test/wideband_16kHz/noisy_clips_wb_16kHz/ms_realrec_english_laptop_A2VMGYCS5VHQNZ_runningwater_far_fileid_7.wav
/home/work_nfs4_ssd/lvshubo/data/DNS-2022/blind_test/wideband_16kHz/noisy_clips_wb_16kHz/ms_realrec_english_laptop_A2VMGYCS5VHQNZ_typing_far_fileid_10.wav
/home/work_nfs4_ssd/lvshubo/data/DNS-2022/blind_test/wideband_16kHz/noisy_clips_wb_16kHz/ms_realrec_english_laptop_A3ER6R66WYYS9R_vehicles_horn_far_10_12.wav
/home/work_nfs4_ssd/lvshubo/data/DNS-2022/blind_test/wideband_16kHz/noisy_clips_wb_16kHz/ms_realrec_english_laptop_A3ER6R66WYYS9R_vehicles_horn_far_11_14.wav
/home/work_nfs4_ssd/lvshubo/data/DNS-2022/blind_test/wideband_16kHz/noisy_clips_wb_16kHz/ms_realrec_english_laptop_A3ER6R66WYYS9R_vehicles_horn_far_12_12.wav
/home/work_nfs4_ssd/lvshubo/data/DNS-2022/blind_test/wideband_16kHz/noisy_clips_wb_16kHz/ms_realrec_english_Laptop_A8PJHNOLEDTZI_Clapping_hands_far_fileid_10.wav.wav
/home/work_nfs4_ssd/lvshubo/data/DNS-2022/blind_test/wideband_16kHz/noisy_clips_wb_16kHz/ms_realrec_english_Laptop_A8PJHNOLEDTZI_Crackers_far_fileid_8.wav.wav
/home/work_nfs4_ssd/lvshubo/data/DNS-2022/blind_test/wideband_16kHz/noisy_clips_wb_16kHz/ms_realrec_english_Laptop_A8PJHNOLEDTZI_Creaking_chair_far_fileid_3.wav.wav
/home/work_nfs4_ssd/lvshubo/data/DNS-2022/blind_test/wideband_16kHz/noisy_clips_wb_16kHz/ms_realrec_english_Laptop_A8PJHNOLEDTZI_Fan_far_fileid_12.wav.wav
/home/work_nfs4_ssd/lvshubo/data/DNS-2022/blind_test/wideband_16kHz/noisy_clips_wb_16kHz/ms_realrec_english_Laptop_A8PJHNOLEDTZI_Finger_tapping_far_fileid_11.wav.wav
/home/work_nfs4_ssd/lvshubo/data/DNS-2022/blind_test/wideband_16kHz/noisy_clips_wb_16kHz/ms_realrec_english_Laptop_A8PJHNOLEDTZI_Hammer_far_fileid_1.wav.wav
/home/work_nfs4_ssd/lvshubo/data/DNS-2022/blind_test/wideband_16kHz/noisy_clips_wb_16kHz/ms_realrec_english_Laptop_A8PJHNOLEDTZI_Kids_talk_far_fileid_2.wav.wav
/home/work_nfs4_ssd/lvshubo/data/DNS-2022/blind_test/wideband_16kHz/noisy_clips_wb_16kHz/ms_realrec_english_Laptop_A8PJHNOLEDTZI_Munching_far_fileid_7.wav.wav
/home/work_nfs4_ssd/lvshubo/data/DNS-2022/blind_test/wideband_16kHz/noisy_clips_wb_16kHz/ms_realrec_english_Laptop_A8PJHNOLEDTZI_Opening_chips_packet_far_fileid_9.wav.wav
/home/work_nfs4_ssd/lvshubo/data/DNS-2022/blind_test/wideband_16kHz/noisy_clips_wb_16kHz/ms_realrec_english_Laptop_A8PJHNOLEDTZI_steel_drill_far_fileid_5.wav.wav
/home/work_nfs4_ssd/lvshubo/data/DNS-2022/blind_test/wideband_16kHz/noisy_clips_wb_16kHz/ms_realrec_english_Laptop_A8PJHNOLEDTZI_talking_noise_far_fileid_4.wav.wav
/home/work_nfs4_ssd/lvshubo/data/DNS-2022/blind_test/wideband_16kHz/noisy_clips_wb_16kHz/ms_realrec_english_Laptop_A8PJHNOLEDTZI_vessel_far_fileid_6.wav.wav
/home/work_nfs4_ssd/lvshubo/data/DNS-2022/blind_test/wideband_16kHz/noisy_clips_wb_16kHz/ms_realrec_english_Laptop_microphone_A1Q7VWUBIJOK17_Air_conditioner_near_fileid_2.wav
/home/work_nfs4_ssd/lvshubo/data/DNS-2022/blind_test/wideband_16kHz/noisy_clips_wb_16kHz/ms_realrec_english_Laptop_microphone_A1Q7VWUBIJOK17_Creaking_chair_near_fileid_5.wav
/home/work_nfs4_ssd/lvshubo/data/DNS-2022/blind_test/wideband_16kHz/noisy_clips_wb_16kHz/ms_realrec_english_Laptop_microphone__A1Q7VWUBIJOK17_Door_shutting_Far_fileid_9.wav
/home/work_nfs4_ssd/lvshubo/data/DNS-2022/blind_test/wideband_16kHz/noisy_clips_wb_16kHz/ms_realrec_english_Laptop_microphone__A1Q7VWUBIJOK17_Door_shutting_near_fileid_4.wav
/home/work_nfs4_ssd/lvshubo/data/DNS-2022/blind_test/wideband_16kHz/noisy_clips_wb_16kHz/ms_realrec_english_Laptop_microphone_A1Q7VWUBIJOK17_Heavy_Breathing_Far_fileid_12.wav
/home/work_nfs4_ssd/lvshubo/data/DNS-2022/blind_test/wideband_16kHz/noisy_clips_wb_16kHz/ms_realrec_english_Laptop_microphone_A1Q7VWUBIJOK17_Heavy_Breathing_near_fileid_7.wav
/home/work_nfs4_ssd/lvshubo/data/DNS-2022/blind_test/wideband_16kHz/noisy_clips_wb_16kHz/ms_realrec_english_Laptop_microphone_A1Q7VWUBIJOK17_Running_Water_Far_fileid_11.wav
/home/work_nfs4_ssd/lvshubo/data/DNS-2022/blind_test/wideband_16kHz/noisy_clips_wb_16kHz/ms_realrec_english_Laptop_microphone_A1Q7VWUBIJOK17_Running_Water_near_fileid_6.wav
/home/work_nfs4_ssd/lvshubo/data/DNS-2022/blind_test/wideband_16kHz/noisy_clips_wb_16kHz/ms_realrec_english_Laptop_microphone__A1Q7VWUBIJOK17_stationary_Fan_Far_fileid_8.wav
/home/work_nfs4_ssd/lvshubo/data/DNS-2022/blind_test/wideband_16kHz/noisy_clips_wb_16kHz/ms_realrec_english_Laptop_microphone_A1Q7VWUBIJOK17_Typing_Far_fileid_10.wav
/home/work_nfs4_ssd/lvshubo/data/DNS-2022/blind_test/wideband_16kHz/noisy_clips_wb_16kHz/ms_realrec_english_Laptop_microphone_A1Q7VWUBIJOK17_Typing_near_fileid_3.wav
/home/work_nfs4_ssd/lvshubo/data/DNS-2022/blind_test/wideband_16kHz/noisy_clips_wb_16kHz/ms_realrec_english_laptop_microphone_A2JA19C4Y5JZD3_Babycrying_near_fileid_10.wav
/home/work_nfs4_ssd/lvshubo/data/DNS-2022/blind_test/wideband_16kHz/noisy_clips_wb_16kHz/ms_realrec_english_laptop_microphone_A2JA19C4Y5JZD3_Babycrying_near_fileid_11.wav
/home/work_nfs4_ssd/lvshubo/data/DNS-2022/blind_test/wideband_16kHz/noisy_clips_wb_16kHz/ms_realrec_english_laptop_microphone_A2JA19C4Y5JZD3_ClatterNoise_near_fileid_2.wav
/home/work_nfs4_ssd/lvshubo/data/DNS-2022/blind_test/wideband_16kHz/noisy_clips_wb_16kHz/ms_realrec_english_laptop_microphone_A2JA19C4Y5JZD3_copymachine__near_fileid_3.wav
/home/work_nfs4_ssd/lvshubo/data/DNS-2022/blind_test/wideband_16kHz/noisy_clips_wb_16kHz/ms_realrec_english_laptop_microphone_A2JA19C4Y5JZD3_DishWasher_far_fileid_8.wav
/home/work_nfs4_ssd/lvshubo/data/DNS-2022/blind_test/wideband_16kHz/noisy_clips_wb_16kHz/ms_realrec_english_laptop_microphone_A2JA19C4Y5JZD3_DishWasher_near_fileid_4.wav
/home/work_nfs4_ssd/lvshubo/data/DNS-2022/blind_test/wideband_16kHz/noisy_clips_wb_16kHz/ms_realrec_english_laptop_microphone_A2JA19C4Y5JZD3_dogbarking_far_fileid_5.wav
/home/work_nfs4_ssd/lvshubo/data/DNS-2022/blind_test/wideband_16kHz/noisy_clips_wb_16kHz/ms_realrec_english_laptop_microphone_A2JA19C4Y5JZD3_dogbarking_far_fileid_6.wav
/home/work_nfs4_ssd/lvshubo/data/DNS-2022/blind_test/wideband_16kHz/noisy_clips_wb_16kHz/ms_realrec_english_laptop_microphone_A2JA19C4Y5JZD3_Doorshutting_far_fileid_7.wav
/home/work_nfs4_ssd/lvshubo/data/DNS-2022/blind_test/wideband_16kHz/noisy_clips_wb_16kHz/ms_realrec_english_laptop_microphone_A2JA19C4Y5JZD3_Openingchipspacket_near_fileid_9.wav
/home/work_nfs4_ssd/lvshubo/data/DNS-2022/blind_test/wideband_16kHz/noisy_clips_wb_16kHz/ms_realrec_english_laptopMicrophone_A3P4XZJM2DEATZ_ClatterNoise_near_fileid_3.wav
/home/work_nfs4_ssd/lvshubo/data/DNS-2022/blind_test/wideband_16kHz/noisy_clips_wb_16kHz/ms_realrec_english_laptopMicrophone_A3P4XZJM2DEATZ_ClatterNoise_near_fileid_4.wav
/home/work_nfs4_ssd/lvshubo/data/DNS-2022/blind_test/wideband_16kHz/noisy_clips_wb_16kHz/ms_realrec_english_laptopMicrophone_A3P4XZJM2DEATZ_DoorShutting_far_fileid_11.wav
/home/work_nfs4_ssd/lvshubo/data/DNS-2022/blind_test/wideband_16kHz/noisy_clips_wb_16kHz/ms_realrec_english_laptopMicrophone_A3P4XZJM2DEATZ_Fan_far_fileid_10.wav
/home/work_nfs4_ssd/lvshubo/data/DNS-2022/blind_test/wideband_16kHz/noisy_clips_wb_16kHz/ms_realrec_english_laptopMicrophone_A3P4XZJM2DEATZ_KitchenVessels_far_fileid_7.wav
/home/work_nfs4_ssd/lvshubo/data/DNS-2022/blind_test/wideband_16kHz/noisy_clips_wb_16kHz/ms_realrec_english_laptopMicrophone_A3P4XZJM2DEATZ_KitchenVessels_far_fileid_8.wav
/home/work_nfs4_ssd/lvshubo/data/DNS-2022/blind_test/wideband_16kHz/noisy_clips_wb_16kHz/ms_realrec_english_laptopMicrophone_A3P4XZJM2DEATZ_OpeningChipsPacket_near_fileid_5.wav
/home/work_nfs4_ssd/lvshubo/data/DNS-2022/blind_test/wideband_16kHz/noisy_clips_wb_16kHz/ms_realrec_english_laptopMicrophone_A3P4XZJM2DEATZ_OpeningChipsPacket_near_fileid_6.wav
/home/work_nfs4_ssd/lvshubo/data/DNS-2022/blind_test/wideband_16kHz/noisy_clips_wb_16kHz/ms_realrec_english_laptopMicrophone_A3P4XZJM2DEATZ_RunningWater_near_fileid_12.wav
/home/work_nfs4_ssd/lvshubo/data/DNS-2022/blind_test/wideband_16kHz/noisy_clips_wb_16kHz/ms_realrec_english_laptopMicrophone_A3P4XZJM2DEATZ_typing_near_fileid_1.wav
/home/work_nfs4_ssd/lvshubo/data/DNS-2022/blind_test/wideband_16kHz/noisy_clips_wb_16kHz/ms_realrec_english_laptopMicrophone_A3P4XZJM2DEATZ_typing_near_fileid_2.wav
/home/work_nfs4_ssd/lvshubo/data/DNS-2022/blind_test/wideband_16kHz/noisy_clips_wb_16kHz/ms_realrec_english_macbook_A1RK5KQQ320OH4_Air_Conditioner_Far_02.wav
/home/work_nfs4_ssd/lvshubo/data/DNS-2022/blind_test/wideband_16kHz/noisy_clips_wb_16kHz/ms_realrec_english_macbook_A1RK5KQQ320OH4_Baby_Crying_Near_11.wav
/home/work_nfs4_ssd/lvshubo/data/DNS-2022/blind_test/wideband_16kHz/noisy_clips_wb_16kHz/ms_realrec_english_macbook_A1RK5KQQ320OH4_Car_Near_06.wav
/home/work_nfs4_ssd/lvshubo/data/DNS-2022/blind_test/wideband_16kHz/noisy_clips_wb_16kHz/ms_realrec_english_macbook_A1RK5KQQ320OH4_Clutter_Noise_Far_05.wav
/home/work_nfs4_ssd/lvshubo/data/DNS-2022/blind_test/wideband_16kHz/noisy_clips_wb_16kHz/ms_realrec_english_macbook_A1RK5KQQ320OH4_Dish_Washer_Near_08.wav
/home/work_nfs4_ssd/lvshubo/data/DNS-2022/blind_test/wideband_16kHz/noisy_clips_wb_16kHz/ms_realrec_english_macbook_A1RK5KQQ320OH4_Dogs_Barking_Near_12.wav
/home/work_nfs4_ssd/lvshubo/data/DNS-2022/blind_test/wideband_16kHz/noisy_clips_wb_16kHz/ms_realrec_english_macbook_A1RK5KQQ320OH4_Door_Closing_Far_04.wav
/home/work_nfs4_ssd/lvshubo/data/DNS-2022/blind_test/wideband_16kHz/noisy_clips_wb_16kHz/ms_realrec_english_macbook_A1RK5KQQ320OH4_Fan_Far_01.wav
/home/work_nfs4_ssd/lvshubo/data/DNS-2022/blind_test/wideband_16kHz/noisy_clips_wb_16kHz/ms_realrec_english_macbook_A1RK5KQQ320OH4_Kitcher_Vessels_Near_07.wav
/home/work_nfs4_ssd/lvshubo/data/DNS-2022/blind_test/wideband_16kHz/noisy_clips_wb_16kHz/ms_realrec_english_macbook_A1RK5KQQ320OH4_Opening_Chips_Packet_Near_10.wav
/home/work_nfs4_ssd/lvshubo/data/DNS-2022/blind_test/wideband_16kHz/noisy_clips_wb_16kHz/ms_realrec_english_macbook_A1RK5KQQ320OH4_Running_Water_Near_09.wav
/home/work_nfs4_ssd/lvshubo/data/DNS-2022/blind_test/wideband_16kHz/noisy_clips_wb_16kHz/ms_realrec_english_macbook_A1RK5KQQ320OH4_Typing_Far_03.wav
/home/work_nfs4_ssd/lvshubo/data/DNS-2022/blind_test/wideband_16kHz/noisy_clips_wb_16kHz/ms_realrec_english_MicrophoneArray_A1DCG37N0Y8BN0_babycrying_far_7.wav
/home/work_nfs4_ssd/lvshubo/data/DNS-2022/blind_test/wideband_16kHz/noisy_clips_wb_16kHz/ms_realrec_english_MicrophoneArray_A1DCG37N0Y8BN0_car_far_fileid_6.wav
/home/work_nfs4_ssd/lvshubo/data/DNS-2022/blind_test/wideband_16kHz/noisy_clips_wb_16kHz/ms_realrec_english_MicrophoneArray_A1DCG37N0Y8BN0_dogbarking_far_fileid_9.wav
/home/work_nfs4_ssd/lvshubo/data/DNS-2022/blind_test/wideband_16kHz/noisy_clips_wb_16kHz/ms_realrec_english_MicrophoneArray_A1DCG37N0Y8BN0_doorshutting_far_fileid_4.wav
/home/work_nfs4_ssd/lvshubo/data/DNS-2022/blind_test/wideband_16kHz/noisy_clips_wb_16kHz/ms_realrec_english_MicrophoneArray_A1DCG37N0Y8BN0_runningwater_near_fileid_3.wav
/home/work_nfs4_ssd/lvshubo/data/DNS-2022/blind_test/wideband_16kHz/noisy_clips_wb_16kHz/ms_realrec_english_MicrophoneArray_A1DCG37N0Y8BN0_typing_near_fileid_1.wav
/home/work_nfs4_ssd/lvshubo/data/DNS-2022/blind_test/wideband_16kHz/noisy_clips_wb_16kHz/ms_realrec_english_openspeaker_ASEW6NZHLI41K_doorshutting_near_fileid_7.wav
/home/work_nfs4_ssd/lvshubo/data/DNS-2022/blind_test/wideband_16kHz/noisy_clips_wb_16kHz/ms_realrec_english_openspeaker_ASEW6NZHLI41K_heavybreathing_far_fileid_12.wav
/home/work_nfs4_ssd/lvshubo/data/DNS-2022/blind_test/wideband_16kHz/noisy_clips_wb_16kHz/ms_realrec_english_openspeaker_ASEW6NZHLI41K_heavybreathing_near_fileid_6.wav
/home/work_nfs4_ssd/lvshubo/data/DNS-2022/blind_test/wideband_16kHz/noisy_clips_wb_16kHz/ms_realrec_english_openspeaker_ASEW6NZHLI41K_kitchenvessels_far_fileid_10.wav
/home/work_nfs4_ssd/lvshubo/data/DNS-2022/blind_test/wideband_16kHz/noisy_clips_wb_16kHz/ms_realrec_english_openspeaker_ASEW6NZHLI41K_kitchenvessels_near_fileid_4.wav
/home/work_nfs4_ssd/lvshubo/data/DNS-2022/blind_test/wideband_16kHz/noisy_clips_wb_16kHz/ms_realrec_english_openspeaker_ASEW6NZHLI41K_openingchipspacket_near_fileid_1.wav
/home/work_nfs4_ssd/lvshubo/data/DNS-2022/blind_test/wideband_16kHz/noisy_clips_wb_16kHz/ms_realrec_english_openspeaker_ASEW6NZHLI41K_runningwater_far_fileid_8.wav
/home/work_nfs4_ssd/lvshubo/data/DNS-2022/blind_test/wideband_16kHz/noisy_clips_wb_16kHz/ms_realrec_english_openspeaker_ASEW6NZHLI41K_runningwater_near_fileid_5.wav
/home/work_nfs4_ssd/lvshubo/data/DNS-2022/blind_test/wideband_16kHz/noisy_clips_wb_16kHz/ms_realrec_english_openspeaker_ASEW6NZHLI41K_typing_far_fileid_9.wav
/home/work_nfs4_ssd/lvshubo/data/DNS-2022/blind_test/wideband_16kHz/noisy_clips_wb_16kHz/ms_realrec_english_openspeaker_ASEW6NZHLI41K_typing_near_fileid_3.wav
/home/work_nfs4_ssd/lvshubo/data/DNS-2022/blind_test/wideband_16kHz/noisy_clips_wb_16kHz/ms_realrec_english_PCLogitechwebcamC615_A28O8I1SYFZO7A_ACfan_near_fileid_2.wav
/home/work_nfs4_ssd/lvshubo/data/DNS-2022/blind_test/wideband_16kHz/noisy_clips_wb_16kHz/ms_realrec_english_PCLogitechwebcamC615_A28O8I1SYFZO7A_ACfan_near_fileid_3.wav
/home/work_nfs4_ssd/lvshubo/data/DNS-2022/blind_test/wideband_16kHz/noisy_clips_wb_16kHz/ms_realrec_english_PCLogitechwebcamC615_A28O8I1SYFZO7A_chipbag_near_fileid_4.wav
/home/work_nfs4_ssd/lvshubo/data/DNS-2022/blind_test/wideband_16kHz/noisy_clips_wb_16kHz/ms_realrec_english_PCLogitechwebcamC615_A28O8I1SYFZO7A_chipbag_near_fileid_5.wav
/home/work_nfs4_ssd/lvshubo/data/DNS-2022/blind_test/wideband_16kHz/noisy_clips_wb_16kHz/ms_realrec_english_PCLogitechwebcamC615_A28O8I1SYFZO7A_crunchingeating_near_fileid_9.wav
/home/work_nfs4_ssd/lvshubo/data/DNS-2022/blind_test/wideband_16kHz/noisy_clips_wb_16kHz/ms_realrec_english_PCLogitechwebcamC615_A28O8I1SYFZO7A_dishesclanking_near_fileid_7.wav
/home/work_nfs4_ssd/lvshubo/data/DNS-2022/blind_test/wideband_16kHz/noisy_clips_wb_16kHz/ms_realrec_english_PCLogitechwebcamC615_A28O8I1SYFZO7A_dishesclanking_near_fileid_8.wav
/home/work_nfs4_ssd/lvshubo/data/DNS-2022/blind_test/wideband_16kHz/noisy_clips_wb_16kHz/ms_realrec_english_PCLogitechwebcamC615_A28O8I1SYFZO7A_doorslamming_near_fileid_10.wav
/home/work_nfs4_ssd/lvshubo/data/DNS-2022/blind_test/wideband_16kHz/noisy_clips_wb_16kHz/ms_realrec_english_PCLogitechwebcamC615_A28O8I1SYFZO7A_doorslamming_near_fileid_11.wav
/home/work_nfs4_ssd/lvshubo/data/DNS-2022/blind_test/wideband_16kHz/noisy_clips_wb_16kHz/ms_realrec_english_PCLogitechwebcamC615_A28O8I1SYFZO7A_heavybreathing_near_fileid_12.wav
/home/work_nfs4_ssd/lvshubo/data/DNS-2022/blind_test/wideband_16kHz/noisy_clips_wb_16kHz/ms_realrec_english_PCLogitechwebcamC615_A28O8I1SYFZO7A_typing_near_fileid_1.wav
/home/work_nfs4_ssd/lvshubo/data/DNS-2022/blind_test/wideband_16kHz/noisy_clips_wb_16kHz/ms_realrec_english_PCLogitechwebcamC615_A28O8I1SYFZO7A_typing_near_fileid_6.wav
/home/work_nfs4_ssd/lvshubo/data/DNS-2022/blind_test/wideband_16kHz/noisy_clips_wb_16kHz/ms_realrec_english_speaker_A1XUZFDVKP95VC_Clattering_Sounds_Far_fileid_2.wav
/home/work_nfs4_ssd/lvshubo/data/DNS-2022/blind_test/wideband_16kHz/noisy_clips_wb_16kHz/ms_realrec_english_speaker_A1XUZFDVKP95VC_Opening_chips_packet_Far_fileid_8.wav
/home/work_nfs4_ssd/lvshubo/data/DNS-2022/blind_test/wideband_16kHz/noisy_clips_wb_16kHz/ms_realrec_english_speaker_A1XUZFDVKP95VC_Typing_Far_fileid_9.wav
/home/work_nfs4_ssd/lvshubo/data/DNS-2022/blind_test/wideband_16kHz/noisy_clips_wb_16kHz/ms_realrec_english_stationary_headphone_A2H95JVPEKRUWA_air_conditioner_fileid_2.wav
/home/work_nfs4_ssd/lvshubo/data/DNS-2022/blind_test/wideband_16kHz/noisy_clips_wb_16kHz/ms_realrec_english_stationary_headset_A1XUZFDVKP95VC_Fan_Near_fileid_4.wav
/home/work_nfs4_ssd/lvshubo/data/DNS-2022/blind_test/wideband_16kHz/noisy_clips_wb_16kHz/ms_realrec_english_stationary_headset_A2H95JVPEKRUWA_fan_far_fileid_7.wav
/home/work_nfs4_ssd/lvshubo/data/DNS-2022/blind_test/wideband_16kHz/noisy_clips_wb_16kHz/ms_realrec_english_stationary_headset_aircondtionar-01.wav
/home/work_nfs4_ssd/lvshubo/data/DNS-2022/blind_test/wideband_16kHz/noisy_clips_wb_16kHz/ms_realrec_english_stationary_headset_aircondtionar-02.wav
/home/work_nfs4_ssd/lvshubo/data/DNS-2022/blind_test/wideband_16kHz/noisy_clips_wb_16kHz/ms_realrec_english_stationary_headset_aircondtionar-03.wav
/home/work_nfs4_ssd/lvshubo/data/DNS-2022/blind_test/wideband_16kHz/noisy_clips_wb_16kHz/ms_realrec_english_stationary_headset_fan_neat-01.wav
/home/work_nfs4_ssd/lvshubo/data/DNS-2022/blind_test/wideband_16kHz/noisy_clips_wb_16kHz/ms_realrec_english_stationary_headset_fan_neat-02.wav
/home/work_nfs4_ssd/lvshubo/data/DNS-2022/blind_test/wideband_16kHz/noisy_clips_wb_16kHz/ms_realrec_english_stationary_laptop_A2VMGYCS5VHQNZ_fan_near_fileid_1.wav
/home/work_nfs4_ssd/lvshubo/data/DNS-2022/blind_test/wideband_16kHz/noisy_clips_wb_16kHz/ms_realrec_english_stationary_laptop_A2VMGYCS5VHQNZ_fan_near_fileid_2.wav
/home/work_nfs4_ssd/lvshubo/data/DNS-2022/blind_test/wideband_16kHz/noisy_clips_wb_16kHz/ms_realrec_english_stationary_Laptop_microphone__A1Q7VWUBIJOK17_Fan_near_fileid_1.wav
/home/work_nfs4_ssd/lvshubo/data/DNS-2022/blind_test/wideband_16kHz/noisy_clips_wb_16kHz/ms_realrec_english_stationary_laptop_microphone_A2JA19C4Y5JZD3_airconditioner_far_fileid_1.wav
/home/work_nfs4_ssd/lvshubo/data/DNS-2022/blind_test/wideband_16kHz/noisy_clips_wb_16kHz/ms_realrec_english_stationary_laptop_microphone_A2JA19C4Y5JZD3_airconditioner_near_fileid_12.wav
/home/work_nfs4_ssd/lvshubo/data/DNS-2022/blind_test/wideband_16kHz/noisy_clips_wb_16kHz/ms_realrec_english_stationary_laptopMicrophone_A3P4XZJM2DEATZ_Fan_far_fileid_9.wav
/home/work_nfs4_ssd/lvshubo/data/DNS-2022/blind_test/wideband_16kHz/noisy_clips_wb_16kHz/ms_realrec_english_stationary_MicrophoneArray_A1DCG37N0Y8BN0_airconditioner_near_fileid_5.wav
/home/work_nfs4_ssd/lvshubo/data/DNS-2022/blind_test/wideband_16kHz/noisy_clips_wb_16kHz/ms_realrec_english_stationary_MicrophoneArray_A1DCG37N0Y8BN0_fan_far_8.wav
/home/work_nfs4_ssd/lvshubo/data/DNS-2022/blind_test/wideband_16kHz/noisy_clips_wb_16kHz/ms_realrec_english_stationary_MicrophoneArray_A1DCG37N0Y8BN0_fan_near_fileid_10.wav
/home/work_nfs4_ssd/lvshubo/data/DNS-2022/blind_test/wideband_16kHz/noisy_clips_wb_16kHz/ms_realrec_english_stationary_MicrophoneArray_A1DCG37N0Y8BN0_fan_near_fileid_11.wav
/home/work_nfs4_ssd/lvshubo/data/DNS-2022/blind_test/wideband_16kHz/noisy_clips_wb_16kHz/ms_realrec_english_stationary_MicrophoneArray_A1DCG37N0Y8BN0_fan_near_fileid_12.wav
/home/work_nfs4_ssd/lvshubo/data/DNS-2022/blind_test/wideband_16kHz/noisy_clips_wb_16kHz/ms_realrec_english_stationary_MicrophoneArray_A1DCG37N0Y8BN0_fan_near_fileid_2.wav
/home/work_nfs4_ssd/lvshubo/data/DNS-2022/blind_test/wideband_16kHz/noisy_clips_wb_16kHz/ms_realrec_english_stationary_openspeaker_ASEW6NZHLI41K_fan_far_fileid_11.wav
/home/work_nfs4_ssd/lvshubo/data/DNS-2022/blind_test/wideband_16kHz/noisy_clips_wb_16kHz/ms_realrec_english_stationary_openspeaker_ASEW6NZHLI41K_fan_near_fileid_2.wav
/home/work_nfs4_ssd/lvshubo/data/DNS-2022/blind_test/wideband_16kHz/noisy_clips_wb_16kHz/ms_realrec_english_stationary_speaker_A1XUZFDVKP95VC_Fan_Far_fileid_5.wav
/home/work_nfs4_ssd/lvshubo/data/DNS-2022/blind_test/wideband_16kHz/noisy_clips_wb_16kHz/ms_realrec_english_windows_ASQ82PJ9L4O3R_baby_crying_far_fileid_11.wav
/home/work_nfs4_ssd/lvshubo/data/DNS-2022/blind_test/wideband_16kHz/noisy_clips_wb_16kHz/ms_realrec_english_windows_ASQ82PJ9L4O3R_baby_crying__near_fileid_3.wav
/home/work_nfs4_ssd/lvshubo/data/DNS-2022/blind_test/wideband_16kHz/noisy_clips_wb_16kHz/ms_realrec_english_windows_ASQ82PJ9L4O3R_car__near_fileid_4.wav
/home/work_nfs4_ssd/lvshubo/data/DNS-2022/blind_test/wideband_16kHz/noisy_clips_wb_16kHz/ms_realrec_english_windows_ASQ82PJ9L4O3R_creaking_chair_far_fileid_7.wav
/home/work_nfs4_ssd/lvshubo/data/DNS-2022/blind_test/wideband_16kHz/noisy_clips_wb_16kHz/ms_realrec_english_windows_ASQ82PJ9L4O3R_creaking_chair__near_fileid_7.wav
/home/work_nfs4_ssd/lvshubo/data/DNS-2022/blind_test/wideband_16kHz/noisy_clips_wb_16kHz/ms_realrec_english_windows_ASQ82PJ9L4O3R_dog_barking_far_fileid_12.wav
/home/work_nfs4_ssd/lvshubo/data/DNS-2022/blind_test/wideband_16kHz/noisy_clips_wb_16kHz/ms_realrec_english_windows_ASQ82PJ9L4O3R_dog_barking_near_fileid_6.wav
/home/work_nfs4_ssd/lvshubo/data/DNS-2022/blind_test/wideband_16kHz/noisy_clips_wb_16kHz/ms_realrec_english_windows_ASQ82PJ9L4O3R_door_shutting__near_fileid_1.wav
/home/work_nfs4_ssd/lvshubo/data/DNS-2022/blind_test/wideband_16kHz/noisy_clips_wb_16kHz/ms_realrec_english_windows_ASQ82PJ9L4O3R__running_water_far_fileid_10.wav
/home/work_nfs4_ssd/lvshubo/data/DNS-2022/blind_test/wideband_16kHz/noisy_clips_wb_16kHz/ms_realrec_english_windows_ASQ82PJ9L4O3R_running_water__near_fileid_5.wav
/home/work_nfs4_ssd/lvshubo/data/DNS-2022/blind_test/wideband_16kHz/noisy_clips_wb_16kHz/ms_realrec_english_windows_ASQ82PJ9L4O3R_typing_far_fileid_9.wav
/home/work_nfs4_ssd/lvshubo/data/DNS-2022/blind_test/wideband_16kHz/noisy_clips_wb_16kHz/ms_realrec_english_windows_ASQ82PJ9L4O3R__typing__near_fileid_2.wav
/home/work_nfs4_ssd/lvshubo/data/DNS-2022/blind_test/wideband_16kHz/noisy_clips_wb_16kHz/ms_realrec_musical_headset_A14A5PT5LISHA3__piano_far_fileid_10.wav
/home/work_nfs4_ssd/lvshubo/data/DNS-2022/blind_test/wideband_16kHz/noisy_clips_wb_16kHz/ms_realrec_musical_headset_A14A5PT5LISHA3__piano_far_fileid_11.wav
/home/work_nfs4_ssd/lvshubo/data/DNS-2022/blind_test/wideband_16kHz/noisy_clips_wb_16kHz/ms_realrec_musical_headset_A14A5PT5LISHA3__piano_far_fileid_12.wav
/home/work_nfs4_ssd/lvshubo/data/DNS-2022/blind_test/wideband_16kHz/noisy_clips_wb_16kHz/ms_realrec_musical_headset_A14A5PT5LISHA3__piano_far_fileid_6.wav
/home/work_nfs4_ssd/lvshubo/data/DNS-2022/blind_test/wideband_16kHz/noisy_clips_wb_16kHz/ms_realrec_musical_headset_A14A5PT5LISHA3__piano_far_fileid_7.wav
/home/work_nfs4_ssd/lvshubo/data/DNS-2022/blind_test/wideband_16kHz/noisy_clips_wb_16kHz/ms_realrec_musical_headset_A14A5PT5LISHA3__piano_far_fileid_8.wav
/home/work_nfs4_ssd/lvshubo/data/DNS-2022/blind_test/wideband_16kHz/noisy_clips_wb_16kHz/ms_realrec_musical_headset_A14A5PT5LISHA3__piano_far_fileid_9.wav
/home/work_nfs4_ssd/lvshubo/data/DNS-2022/blind_test/wideband_16kHz/noisy_clips_wb_16kHz/ms_realrec_musical_headset_A14A5PT5LISHA3__piano_near_fileid_1.wav
/home/work_nfs4_ssd/lvshubo/data/DNS-2022/blind_test/wideband_16kHz/noisy_clips_wb_16kHz/ms_realrec_musical_headset_A14A5PT5LISHA3__piano_near_fileid_2.wav
/home/work_nfs4_ssd/lvshubo/data/DNS-2022/blind_test/wideband_16kHz/noisy_clips_wb_16kHz/ms_realrec_musical_headset_A14A5PT5LISHA3__piano_near_fileid_3.wav
/home/work_nfs4_ssd/lvshubo/data/DNS-2022/blind_test/wideband_16kHz/noisy_clips_wb_16kHz/ms_realrec_musical_headset_A14A5PT5LISHA3__piano_near_fileid_4.wav
/home/work_nfs4_ssd/lvshubo/data/DNS-2022/blind_test/wideband_16kHz/noisy_clips_wb_16kHz/ms_realrec_musical_headset_A14A5PT5LISHA3__piano_near_fileid_5.wav
/home/work_nfs4_ssd/lvshubo/data/DNS-2022/blind_test/wideband_16kHz/noisy_clips_wb_16kHz/ms_realrec_musical_headset_A2H95JVPEKRUWA_accordion_far_fileid_11.wav
/home/work_nfs4_ssd/lvshubo/data/DNS-2022/blind_test/wideband_16kHz/noisy_clips_wb_16kHz/ms_realrec_musical_headset_A2H95JVPEKRUWA_cello_far_fileid_7.wav
/home/work_nfs4_ssd/lvshubo/data/DNS-2022/blind_test/wideband_16kHz/noisy_clips_wb_16kHz/ms_realrec_musical_headset_A2H95JVPEKRUWA_clarinet_far_fileid_8.wav
/home/work_nfs4_ssd/lvshubo/data/DNS-2022/blind_test/wideband_16kHz/noisy_clips_wb_16kHz/ms_realrec_musical_headset_A2H95JVPEKRUWA_drums_far_fileid_4.wav
/home/work_nfs4_ssd/lvshubo/data/DNS-2022/blind_test/wideband_16kHz/noisy_clips_wb_16kHz/ms_realrec_musical_headset_A2H95JVPEKRUWA_flute_far_fileid_6.wav
/home/work_nfs4_ssd/lvshubo/data/DNS-2022/blind_test/wideband_16kHz/noisy_clips_wb_16kHz/ms_realrec_musical_headset_A2H95JVPEKRUWA_guitar_far_fileid_2.wav
/home/work_nfs4_ssd/lvshubo/data/DNS-2022/blind_test/wideband_16kHz/noisy_clips_wb_16kHz/ms_realrec_musical_headset_A2H95JVPEKRUWA_harp_far_fileid_10.wav
/home/work_nfs4_ssd/lvshubo/data/DNS-2022/blind_test/wideband_16kHz/noisy_clips_wb_16kHz/ms_realrec_musical_headset_A2H95JVPEKRUWA_piano_far_fileid_1.wav
/home/work_nfs4_ssd/lvshubo/data/DNS-2022/blind_test/wideband_16kHz/noisy_clips_wb_16kHz/ms_realrec_musical_headset_A2H95JVPEKRUWA_saxophone_far_fileid_5.wav
/home/work_nfs4_ssd/lvshubo/data/DNS-2022/blind_test/wideband_16kHz/noisy_clips_wb_16kHz/ms_realrec_musical_headset_A2H95JVPEKRUWA_sitar_far_fileid_12.wav
/home/work_nfs4_ssd/lvshubo/data/DNS-2022/blind_test/wideband_16kHz/noisy_clips_wb_16kHz/ms_realrec_musical_headset_A2H95JVPEKRUWA_trumpet_far_fileid_9.wav
/home/work_nfs4_ssd/lvshubo/data/DNS-2022/blind_test/wideband_16kHz/noisy_clips_wb_16kHz/ms_realrec_musical_headset_A2H95JVPEKRUWA_violin_far_fileid_3.wav
/home/work_nfs4_ssd/lvshubo/data/DNS-2022/blind_test/wideband_16kHz/noisy_clips_wb_16kHz/ms_realrec_musical_laptop_A2ZK5I1MDWNPRU_far_fileid_9-01.wav
/home/work_nfs4_ssd/lvshubo/data/DNS-2022/blind_test/wideband_16kHz/noisy_clips_wb_16kHz/ms_realrec_musical_laptop_A2ZK5I1MDWNPRU_far_fileid_9-02.wav
/home/work_nfs4_ssd/lvshubo/data/DNS-2022/blind_test/wideband_16kHz/noisy_clips_wb_16kHz/ms_realrec_musical_laptop_A2ZK5I1MDWNPRU_far_fileid_9-03.wav
/home/work_nfs4_ssd/lvshubo/data/DNS-2022/blind_test/wideband_16kHz/noisy_clips_wb_16kHz/ms_realrec_musical_laptop_A2ZK5I1MDWNPRU_far_fileid_9-04.wav
/home/work_nfs4_ssd/lvshubo/data/DNS-2022/blind_test/wideband_16kHz/noisy_clips_wb_16kHz/ms_realrec_musical_laptop_A2ZK5I1MDWNPRU_far_fileid_9-05.wav
/home/work_nfs4_ssd/lvshubo/data/DNS-2022/blind_test/wideband_16kHz/noisy_clips_wb_16kHz/ms_realrec_musical_laptop_A2ZK5I1MDWNPRU_far_fileid_9-06.wav
/home/work_nfs4_ssd/lvshubo/data/DNS-2022/blind_test/wideband_16kHz/noisy_clips_wb_16kHz/ms_realrec_musical_laptop_A9AP3ED0K8LS8_guitar_far_fileid_10.wav
/home/work_nfs4_ssd/lvshubo/data/DNS-2022/blind_test/wideband_16kHz/noisy_clips_wb_16kHz/ms_realrec_musical_laptop_A9AP3ED0K8LS8_guitar_far_fileid_11.wav
/home/work_nfs4_ssd/lvshubo/data/DNS-2022/blind_test/wideband_16kHz/noisy_clips_wb_16kHz/ms_realrec_musical_laptop_A9AP3ED0K8LS8_guitar_far_fileid_12.wav
/home/work_nfs4_ssd/lvshubo/data/DNS-2022/blind_test/wideband_16kHz/noisy_clips_wb_16kHz/ms_realrec_musical_laptop_A9AP3ED0K8LS8_guitar_far_fileid_7.wav
/home/work_nfs4_ssd/lvshubo/data/DNS-2022/blind_test/wideband_16kHz/noisy_clips_wb_16kHz/ms_realrec_musical_laptop_A9AP3ED0K8LS8_guitar_far_fileid_8.wav
/home/work_nfs4_ssd/lvshubo/data/DNS-2022/blind_test/wideband_16kHz/noisy_clips_wb_16kHz/ms_realrec_musical_laptop_A9AP3ED0K8LS8_guitar_far_fileid_9.wav
/home/work_nfs4_ssd/lvshubo/data/DNS-2022/blind_test/wideband_16kHz/noisy_clips_wb_16kHz/ms_realrec_musical_laptop_A9AP3ED0K8LS8_guitar_near_fileid_1.wav
/home/work_nfs4_ssd/lvshubo/data/DNS-2022/blind_test/wideband_16kHz/noisy_clips_wb_16kHz/ms_realrec_musical_laptop_A9AP3ED0K8LS8_guitar_near_fileid_2.wav
/home/work_nfs4_ssd/lvshubo/data/DNS-2022/blind_test/wideband_16kHz/noisy_clips_wb_16kHz/ms_realrec_musical_laptop_A9AP3ED0K8LS8_guitar_near_fileid_3.wav
/home/work_nfs4_ssd/lvshubo/data/DNS-2022/blind_test/wideband_16kHz/noisy_clips_wb_16kHz/ms_realrec_musical_laptop_A9AP3ED0K8LS8_guitar_near_fileid_4.wav
/home/work_nfs4_ssd/lvshubo/data/DNS-2022/blind_test/wideband_16kHz/noisy_clips_wb_16kHz/ms_realrec_musical_laptop_A9AP3ED0K8LS8_guitar_near_fileid_5.wav
/home/work_nfs4_ssd/lvshubo/data/DNS-2022/blind_test/wideband_16kHz/noisy_clips_wb_16kHz/ms_realrec_musical_laptop_A9AP3ED0K8LS8_guitar_near_fileid_6.wav
/home/work_nfs4_ssd/lvshubo/data/DNS-2022/blind_test/wideband_16kHz/noisy_clips_wb_16kHz/ms_realrec_musical_laptop_microphone_A2UTUL6ZW905WI_drums_far_fileid_7.wav
/home/work_nfs4_ssd/lvshubo/data/DNS-2022/blind_test/wideband_16kHz/noisy_clips_wb_16kHz/ms_realrec_musical_laptop_microphone_A2UTUL6ZW905WI_drums_near_fileid_8.wav
/home/work_nfs4_ssd/lvshubo/data/DNS-2022/blind_test/wideband_16kHz/noisy_clips_wb_16kHz/ms_realrec_musical_laptop_microphone_A2UTUL6ZW905WI_guitar_far_fileid_3.wav
/home/work_nfs4_ssd/lvshubo/data/DNS-2022/blind_test/wideband_16kHz/noisy_clips_wb_16kHz/ms_realrec_musical_laptop_microphone_A2UTUL6ZW905WI_guitar_near_fileid_4.wav
/home/work_nfs4_ssd/lvshubo/data/DNS-2022/blind_test/wideband_16kHz/noisy_clips_wb_16kHz/ms_realrec_musical_laptop_microphone_A2UTUL6ZW905WI_harp_far_fileid_11.wav
/home/work_nfs4_ssd/lvshubo/data/DNS-2022/blind_test/wideband_16kHz/noisy_clips_wb_16kHz/ms_realrec_musical_laptop_microphone_A2UTUL6ZW905WI_harp_near_fileid_12.wav
/home/work_nfs4_ssd/lvshubo/data/DNS-2022/blind_test/wideband_16kHz/noisy_clips_wb_16kHz/ms_realrec_musical_laptop_microphone_A2UTUL6ZW905WI_piano_far_fileid_1.wav
/home/work_nfs4_ssd/lvshubo/data/DNS-2022/blind_test/wideband_16kHz/noisy_clips_wb_16kHz/ms_realrec_musical_laptop_microphone_A2UTUL6ZW905WI_piano_near_fileid_2.wav
/home/work_nfs4_ssd/lvshubo/data/DNS-2022/blind_test/wideband_16kHz/noisy_clips_wb_16kHz/ms_realrec_musical_laptop_microphone_A2UTUL6ZW905WI_saxophone_far_fileid_9.wav
/home/work_nfs4_ssd/lvshubo/data/DNS-2022/blind_test/wideband_16kHz/noisy_clips_wb_16kHz/ms_realrec_musical_laptop_microphone_A2UTUL6ZW905WI_saxophone_near_fileid_10.wav
/home/work_nfs4_ssd/lvshubo/data/DNS-2022/blind_test/wideband_16kHz/noisy_clips_wb_16kHz/ms_realrec_musical_laptop_microphone_A2UTUL6ZW905WI_violin_far_fileid_5.wav
/home/work_nfs4_ssd/lvshubo/data/DNS-2022/blind_test/wideband_16kHz/noisy_clips_wb_16kHz/ms_realrec_musical_laptop_microphone_A2UTUL6ZW905WI_violin_near_fileid_6.wav
/home/work_nfs4_ssd/lvshubo/data/DNS-2022/blind_test/wideband_16kHz/noisy_clips_wb_16kHz/ms_realrec_musical_laptopSpeaker_A3P4XZJM2DEATZ_guitar_far_10.wav
/home/work_nfs4_ssd/lvshubo/data/DNS-2022/blind_test/wideband_16kHz/noisy_clips_wb_16kHz/ms_realrec_musical_laptopSpeaker_A3P4XZJM2DEATZ_guitar_far_11.wav
/home/work_nfs4_ssd/lvshubo/data/DNS-2022/blind_test/wideband_16kHz/noisy_clips_wb_16kHz/ms_realrec_musical_laptopSpeaker_A3P4XZJM2DEATZ_guitar_far_12.wav
/home/work_nfs4_ssd/lvshubo/data/DNS-2022/blind_test/wideband_16kHz/noisy_clips_wb_16kHz/ms_realrec_musical_laptopSpeaker_A3P4XZJM2DEATZ_guitar_far_7.wav
/home/work_nfs4_ssd/lvshubo/data/DNS-2022/blind_test/wideband_16kHz/noisy_clips_wb_16kHz/ms_realrec_musical_laptopSpeaker_A3P4XZJM2DEATZ_guitar_far_8.wav
/home/work_nfs4_ssd/lvshubo/data/DNS-2022/blind_test/wideband_16kHz/noisy_clips_wb_16kHz/ms_realrec_musical_laptopSpeaker_A3P4XZJM2DEATZ_guitar_far_9.wav
/home/work_nfs4_ssd/lvshubo/data/DNS-2022/blind_test/wideband_16kHz/noisy_clips_wb_16kHz/ms_realrec_musical_laptopSpeaker_A3P4XZJM2DEATZ_guitar_near_1.wav
/home/work_nfs4_ssd/lvshubo/data/DNS-2022/blind_test/wideband_16kHz/noisy_clips_wb_16kHz/ms_realrec_musical_laptopSpeaker_A3P4XZJM2DEATZ_guitar_near_2.wav
/home/work_nfs4_ssd/lvshubo/data/DNS-2022/blind_test/wideband_16kHz/noisy_clips_wb_16kHz/ms_realrec_musical_laptopSpeaker_A3P4XZJM2DEATZ_guitar_near_3.wav
/home/work_nfs4_ssd/lvshubo/data/DNS-2022/blind_test/wideband_16kHz/noisy_clips_wb_16kHz/ms_realrec_musical_laptopSpeaker_A3P4XZJM2DEATZ_guitar_near_4.wav
/home/work_nfs4_ssd/lvshubo/data/DNS-2022/blind_test/wideband_16kHz/noisy_clips_wb_16kHz/ms_realrec_musical_laptopSpeaker_A3P4XZJM2DEATZ_guitar_near_5.wav
/home/work_nfs4_ssd/lvshubo/data/DNS-2022/blind_test/wideband_16kHz/noisy_clips_wb_16kHz/ms_realrec_musical_laptopSpeaker_A3P4XZJM2DEATZ_guitar_near_6.wav
/home/work_nfs4_ssd/lvshubo/data/DNS-2022/blind_test/wideband_16kHz/noisy_clips_wb_16kHz/ms_realrec_musical_macbookpro_XMQ6Y5VEXRUU_piano_far_fileid_10.wav
/home/work_nfs4_ssd/lvshubo/data/DNS-2022/blind_test/wideband_16kHz/noisy_clips_wb_16kHz/ms_realrec_musical_macbookpro_XMQ6Y5VEXRUU_piano_far_fileid_11.wav
/home/work_nfs4_ssd/lvshubo/data/DNS-2022/blind_test/wideband_16kHz/noisy_clips_wb_16kHz/ms_realrec_musical_macbookpro_XMQ6Y5VEXRUU_piano_far_fileid_12.wav
/home/work_nfs4_ssd/lvshubo/data/DNS-2022/blind_test/wideband_16kHz/noisy_clips_wb_16kHz/ms_realrec_musical_macbookpro_XMQ6Y5VEXRUU_piano_far_fileid_1.wav
/home/work_nfs4_ssd/lvshubo/data/DNS-2022/blind_test/wideband_16kHz/noisy_clips_wb_16kHz/ms_realrec_musical_macbookpro_XMQ6Y5VEXRUU_piano_far_fileid_2.wav
/home/work_nfs4_ssd/lvshubo/data/DNS-2022/blind_test/wideband_16kHz/noisy_clips_wb_16kHz/ms_realrec_musical_macbookpro_XMQ6Y5VEXRUU_piano_far_fileid_3.wav
/home/work_nfs4_ssd/lvshubo/data/DNS-2022/blind_test/wideband_16kHz/noisy_clips_wb_16kHz/ms_realrec_musical_macbookpro_XMQ6Y5VEXRUU_piano_far_fileid_4.wav
/home/work_nfs4_ssd/lvshubo/data/DNS-2022/blind_test/wideband_16kHz/noisy_clips_wb_16kHz/ms_realrec_musical_macbookpro_XMQ6Y5VEXRUU_piano_far_fileid_5.wav
/home/work_nfs4_ssd/lvshubo/data/DNS-2022/blind_test/wideband_16kHz/noisy_clips_wb_16kHz/ms_realrec_musical_macbookpro_XMQ6Y5VEXRUU_piano_far_fileid_6.wav
/home/work_nfs4_ssd/lvshubo/data/DNS-2022/blind_test/wideband_16kHz/noisy_clips_wb_16kHz/ms_realrec_musical_macbookpro_XMQ6Y5VEXRUU_piano_far_fileid_7.wav
/home/work_nfs4_ssd/lvshubo/data/DNS-2022/blind_test/wideband_16kHz/noisy_clips_wb_16kHz/ms_realrec_musical_macbookpro_XMQ6Y5VEXRUU_piano_far_fileid_8.wav
/home/work_nfs4_ssd/lvshubo/data/DNS-2022/blind_test/wideband_16kHz/noisy_clips_wb_16kHz/ms_realrec_musical_macbookpro_XMQ6Y5VEXRUU_piano_far_fileid_9.wav
/home/work_nfs4_ssd/lvshubo/data/DNS-2022/blind_test/wideband_16kHz/noisy_clips_wb_16kHz/ms_realrec_nonenglish_cantonese_headphone_hehengli_clatternoise_fileid_12part_1.wav
/home/work_nfs4_ssd/lvshubo/data/DNS-2022/blind_test/wideband_16kHz/noisy_clips_wb_16kHz/ms_realrec_nonenglish_cantonese_headphone_hehengli_kitchen_fileid_10part_1.wav
/home/work_nfs4_ssd/lvshubo/data/DNS-2022/blind_test/wideband_16kHz/noisy_clips_wb_16kHz/ms_realrec_nonenglish_cantonese_headphone_hehengli_outdoorvichiclenoise_fileid_9part_1.wav
/home/work_nfs4_ssd/lvshubo/data/DNS-2022/blind_test/wideband_16kHz/noisy_clips_wb_16kHz/ms_realrec_nonenglish_cantonese_headphone_hehengli_typing_fileid_11part_1.wav
/home/work_nfs4_ssd/lvshubo/data/DNS-2022/blind_test/wideband_16kHz/noisy_clips_wb_16kHz/ms_realrec_nonenglish_cantonese_internalmic_hehengli_clatternoise_fileid_8part_1.wav
/home/work_nfs4_ssd/lvshubo/data/DNS-2022/blind_test/wideband_16kHz/noisy_clips_wb_16kHz/ms_realrec_nonenglish_cantonese_internalmic_hehengli_creakingchair_fileid_3part_1.wav
/home/work_nfs4_ssd/lvshubo/data/DNS-2022/blind_test/wideband_16kHz/noisy_clips_wb_16kHz/ms_realrec_nonenglish_cantonese_internalmic_hehengli_creakingchair_fileid_5part_1.wav
/home/work_nfs4_ssd/lvshubo/data/DNS-2022/blind_test/wideband_16kHz/noisy_clips_wb_16kHz/ms_realrec_nonenglish_cantonese_internalmic_hehengli_kitchen_fileid_7part_1.wav
/home/work_nfs4_ssd/lvshubo/data/DNS-2022/blind_test/wideband_16kHz/noisy_clips_wb_16kHz/ms_realrec_nonenglish_cantonese_internalmic_hehengli_outdoorvichiclenoise_fileid_1part_1.wav
/home/work_nfs4_ssd/lvshubo/data/DNS-2022/blind_test/wideband_16kHz/noisy_clips_wb_16kHz/ms_realrec_nonenglish_cantonese_internalmic_hehengli_outdoorvichiclenoise_fileid_2part_1.wav
/home/work_nfs4_ssd/lvshubo/data/DNS-2022/blind_test/wideband_16kHz/noisy_clips_wb_16kHz/ms_realrec_nonenglish_cantonese_internalmic_hehengli_outdoorvichiclenoise_fileid_6part_1.wav
/home/work_nfs4_ssd/lvshubo/data/DNS-2022/blind_test/wideband_16kHz/noisy_clips_wb_16kHz/ms_realrec_nonenglish_cantonese_internalmic_hehengli_typing_fileid_4part_1.wav
/home/work_nfs4_ssd/lvshubo/data/DNS-2022/blind_test/wideband_16kHz/noisy_clips_wb_16kHz/ms_realrec_nonenglish_Headphone_Punjabi_Clapping.wav
/home/work_nfs4_ssd/lvshubo/data/DNS-2022/blind_test/wideband_16kHz/noisy_clips_wb_16kHz/ms_realrec_nonenglish_Headphone_Punjabi_FeetStomping-01.wav
/home/work_nfs4_ssd/lvshubo/data/DNS-2022/blind_test/wideband_16kHz/noisy_clips_wb_16kHz/ms_realrec_nonenglish_Headphone_Punjabi_FeetStomping-02.wav
/home/work_nfs4_ssd/lvshubo/data/DNS-2022/blind_test/wideband_16kHz/noisy_clips_wb_16kHz/ms_realrec_nonenglish_Headphone_Punjabi_FingersTaping.wav
/home/work_nfs4_ssd/lvshubo/data/DNS-2022/blind_test/wideband_16kHz/noisy_clips_wb_16kHz/ms_realrec_nonenglish_Headphone_Punjabi_FlippingPages.wav
/home/work_nfs4_ssd/lvshubo/data/DNS-2022/blind_test/wideband_16kHz/noisy_clips_wb_16kHz/ms_realrec_nonenglish_Headphone_Punjabi_Knocking.wav
/home/work_nfs4_ssd/lvshubo/data/DNS-2022/blind_test/wideband_16kHz/noisy_clips_wb_16kHz/ms_realrec_nonenglish_Headphone_Punjabi_PaperCracking.wav
/home/work_nfs4_ssd/lvshubo/data/DNS-2022/blind_test/wideband_16kHz/noisy_clips_wb_16kHz/ms_realrec_nonenglish_Headphone_Punjabi_PlasticBag.wav
/home/work_nfs4_ssd/lvshubo/data/DNS-2022/blind_test/wideband_16kHz/noisy_clips_wb_16kHz/ms_realrec_nonenglish_Headphone_Punjabi_TypingOnPhone.wav
/home/work_nfs4_ssd/lvshubo/data/DNS-2022/blind_test/wideband_16kHz/noisy_clips_wb_16kHz/ms_realrec_nonenglish_Headphone_Punjabi_UsingBookAsFan.wav
/home/work_nfs4_ssd/lvshubo/data/DNS-2022/blind_test/wideband_16kHz/noisy_clips_wb_16kHz/ms_realrec_nonenglish_headset_christa_fileid_10_spanishpart_1.wav
/home/work_nfs4_ssd/lvshubo/data/DNS-2022/blind_test/wideband_16kHz/noisy_clips_wb_16kHz/ms_realrec_nonenglish_headset_christa_fileid_6_spanishpart_1.wav
/home/work_nfs4_ssd/lvshubo/data/DNS-2022/blind_test/wideband_16kHz/noisy_clips_wb_16kHz/ms_realrec_nonenglish_headset_christa_fileid_7_spanishpart_0.wav
/home/work_nfs4_ssd/lvshubo/data/DNS-2022/blind_test/wideband_16kHz/noisy_clips_wb_16kHz/ms_realrec_nonenglish_headset_christa_fileid_7_spanishpart_1.wav
/home/work_nfs4_ssd/lvshubo/data/DNS-2022/blind_test/wideband_16kHz/noisy_clips_wb_16kHz/ms_realrec_nonenglish_laptop_mic_Anna_clean_speech_fileid_1_PLpart_0.wav
/home/work_nfs4_ssd/lvshubo/data/DNS-2022/blind_test/wideband_16kHz/noisy_clips_wb_16kHz/ms_realrec_nonenglish_laptop_mic_Anna_clean_speech_fileid_1_PLpart_1.wav
/home/work_nfs4_ssd/lvshubo/data/DNS-2022/blind_test/wideband_16kHz/noisy_clips_wb_16kHz/ms_realrec_nonenglish_laptop_mic_Anna_speech_noise_fileid_2_PLpart_0.wav
/home/work_nfs4_ssd/lvshubo/data/DNS-2022/blind_test/wideband_16kHz/noisy_clips_wb_16kHz/ms_realrec_nonenglish_laptop_mic_Anna_speech_noise_fileid_2_PLpart_1.wav
/home/work_nfs4_ssd/lvshubo/data/DNS-2022/blind_test/wideband_16kHz/noisy_clips_wb_16kHz/ms_realrec_nonenglish_laptop_mic_Anna_speech_noise_fileid_3_PLpart_0.wav
/home/work_nfs4_ssd/lvshubo/data/DNS-2022/blind_test/wideband_16kHz/noisy_clips_wb_16kHz/ms_realrec_nonenglish_laptop_mic_Anna_speech_noise_fileid_3_PLpart_1.wav
/home/work_nfs4_ssd/lvshubo/data/DNS-2022/blind_test/wideband_16kHz/noisy_clips_wb_16kHz/ms_realrec_nonenglish_laptop_mic_Anna_speech_noise_fileid_3_PLpart_2.wav
/home/work_nfs4_ssd/lvshubo/data/DNS-2022/blind_test/wideband_16kHz/noisy_clips_wb_16kHz/ms_realrec_nonenglish_laptop_mic_Anna_speech_noise_fileid_5_PLpart_0.wav
/home/work_nfs4_ssd/lvshubo/data/DNS-2022/blind_test/wideband_16kHz/noisy_clips_wb_16kHz/ms_realrec_nonenglish_laptop_mic_Anna_speech_noise_fileid_5_PLpart_1.wav
/home/work_nfs4_ssd/lvshubo/data/DNS-2022/blind_test/wideband_16kHz/noisy_clips_wb_16kHz/ms_realrec_nonenglish_laptop_mic_Anna_speech_noise_fileid_6_PLpart_0.wav
/home/work_nfs4_ssd/lvshubo/data/DNS-2022/blind_test/wideband_16kHz/noisy_clips_wb_16kHz/ms_realrec_nonenglish_laptop_mic_Anna_speech_noise_fileid_6_PLpart_1.wav
/home/work_nfs4_ssd/lvshubo/data/DNS-2022/blind_test/wideband_16kHz/noisy_clips_wb_16kHz/ms_realrec_nonenglish_laptop_mic_Anna_speech_noise_music_fileid_4_PLpart_0.wav
/home/work_nfs4_ssd/lvshubo/data/DNS-2022/blind_test/wideband_16kHz/noisy_clips_wb_16kHz/ms_realrec_nonenglish_laptop_mic_Anna_speech_noise_music_fileid_4_PLpart_1.wav
/home/work_nfs4_ssd/lvshubo/data/DNS-2022/blind_test/wideband_16kHz/noisy_clips_wb_16kHz/ms_realrec_nonenglish_laptop_mic_Anna_speech_noise_music_fileid_4_PLpart_2.wav
/home/work_nfs4_ssd/lvshubo/data/DNS-2022/blind_test/wideband_16kHz/noisy_clips_wb_16kHz/ms_realrec_nonenglish_laptopmic_christa_fileid_1_spanishpart_0.wav
/home/work_nfs4_ssd/lvshubo/data/DNS-2022/blind_test/wideband_16kHz/noisy_clips_wb_16kHz/ms_realrec_nonenglish_laptopmic_christa_fileid_1_spanishpart_1.wav
/home/work_nfs4_ssd/lvshubo/data/DNS-2022/blind_test/wideband_16kHz/noisy_clips_wb_16kHz/ms_realrec_nonenglish_laptopmic_christa_fileid_2_spanishpart_0.wav
/home/work_nfs4_ssd/lvshubo/data/DNS-2022/blind_test/wideband_16kHz/noisy_clips_wb_16kHz/ms_realrec_nonenglish_laptopmic_christa_fileid_2_spanishpart_1.wav
/home/work_nfs4_ssd/lvshubo/data/DNS-2022/blind_test/wideband_16kHz/noisy_clips_wb_16kHz/ms_realrec_nonenglish_laptopmic_christa_fileid_3_spanishpart_1.wav
/home/work_nfs4_ssd/lvshubo/data/DNS-2022/blind_test/wideband_16kHz/noisy_clips_wb_16kHz/ms_realrec_nonenglish_mandarin_headphone_hehengli_kitchen_fileid_11part_1.wav
/home/work_nfs4_ssd/lvshubo/data/DNS-2022/blind_test/wideband_16kHz/noisy_clips_wb_16kHz/ms_realrec_nonenglish_mandarin_headphone_hehengli_outdoorvichiclenoise_fileid_1part_1.wav
/home/work_nfs4_ssd/lvshubo/data/DNS-2022/blind_test/wideband_16kHz/noisy_clips_wb_16kHz/ms_realrec_nonenglish_mandarin_headphone_hehengli_outdoorvichiclenoise_fileid_2part_1.wav
/home/work_nfs4_ssd/lvshubo/data/DNS-2022/blind_test/wideband_16kHz/noisy_clips_wb_16kHz/ms_realrec_nonenglish_mandarin_headphone_hehengli_typing_fileid_10part_1.wav
/home/work_nfs4_ssd/lvshubo/data/DNS-2022/blind_test/wideband_16kHz/noisy_clips_wb_16kHz/ms_realrec_nonenglish_mandarin_headphone_hehengli_typing_fileid_12part_1.wav
/home/work_nfs4_ssd/lvshubo/data/DNS-2022/blind_test/wideband_16kHz/noisy_clips_wb_16kHz/ms_realrec_nonenglish_mandarin_internalmic_hehengli_clatternoise_fileid_9part_1.wav
/home/work_nfs4_ssd/lvshubo/data/DNS-2022/blind_test/wideband_16kHz/noisy_clips_wb_16kHz/ms_realrec_nonenglish_mandarin_internalmic_hehengli_creakingchair_fileid_3part_1.wav
/home/work_nfs4_ssd/lvshubo/data/DNS-2022/blind_test/wideband_16kHz/noisy_clips_wb_16kHz/ms_realrec_nonenglish_mandarin_internalmic_hehengli_creakingchair_fileid_6part_1.wav
/home/work_nfs4_ssd/lvshubo/data/DNS-2022/blind_test/wideband_16kHz/noisy_clips_wb_16kHz/ms_realrec_nonenglish_mandarin_internalmic_hehengli_creakingchair_fileid_7part_1.wav
/home/work_nfs4_ssd/lvshubo/data/DNS-2022/blind_test/wideband_16kHz/noisy_clips_wb_16kHz/ms_realrec_nonenglish_mandarin_internalmic_hehengli_outdoorvichiclenoise_fileid_4part_1.wav
/home/work_nfs4_ssd/lvshubo/data/DNS-2022/blind_test/wideband_16kHz/noisy_clips_wb_16kHz/ms_realrec_nonenglish_mandarin_internalmic_hehengli_outdoorvichiclenoise_fileid_5part_1.wav
/home/work_nfs4_ssd/lvshubo/data/DNS-2022/blind_test/wideband_16kHz/noisy_clips_wb_16kHz/ms_realrec_nonenglish_mandarin_internalmic_hehengli_typing_fileid_8part_1.wav
/home/work_nfs4_ssd/lvshubo/data/DNS-2022/blind_test/wideband_16kHz/noisy_clips_wb_16kHz/ms_realrec_nonenglish_mandarin_surface_QiaofeiYe_airConditioner_fileid_2part_1.wav
/home/work_nfs4_ssd/lvshubo/data/DNS-2022/blind_test/wideband_16kHz/noisy_clips_wb_16kHz/ms_realrec_nonenglish_mandarin_surface_QiaofeiYe_babyCrying_fileid_1part_1.wav
/home/work_nfs4_ssd/lvshubo/data/DNS-2022/blind_test/wideband_16kHz/noisy_clips_wb_16kHz/ms_realrec_nonenglish_mandarin_surface_QiaofeiYe_babyCrying_fileid_2part_1.wav
/home/work_nfs4_ssd/lvshubo/data/DNS-2022/blind_test/wideband_16kHz/noisy_clips_wb_16kHz/ms_realrec_nonenglish_mandarin_surface_QiaofeiYe_dog_fileid_1part_1.wav
/home/work_nfs4_ssd/lvshubo/data/DNS-2022/blind_test/wideband_16kHz/noisy_clips_wb_16kHz/ms_realrec_nonenglish_mandarin_surface_QiaofeiYe_dog_fileid_2part_1.wav
/home/work_nfs4_ssd/lvshubo/data/DNS-2022/blind_test/wideband_16kHz/noisy_clips_wb_16kHz/ms_realrec_nonenglish_mandarin_surface_QiaofeiYe_dog_fileid_3part_1.wav
/home/work_nfs4_ssd/lvshubo/data/DNS-2022/blind_test/wideband_16kHz/noisy_clips_wb_16kHz/ms_realrec_nonenglish_mandarin_surface_QiaofeiYe_door_fileid_3part_1.wav
/home/work_nfs4_ssd/lvshubo/data/DNS-2022/blind_test/wideband_16kHz/noisy_clips_wb_16kHz/ms_realrec_nonenglish_mandarin_surface_QiaofeiYe_fan_fileid_1part_1.wav
/home/work_nfs4_ssd/lvshubo/data/DNS-2022/blind_test/wideband_16kHz/noisy_clips_wb_16kHz/ms_realrec_nonenglish_mandarin_surface_QiaofeiYe_neighborTalking_fileid_1part_1.wav
/home/work_nfs4_ssd/lvshubo/data/DNS-2022/blind_test/wideband_16kHz/noisy_clips_wb_16kHz/ms_realrec_nonenglish_mandarin_surface_QiaofeiYe_typing_fileid_1part_1.wav
/home/work_nfs4_ssd/lvshubo/data/DNS-2022/blind_test/wideband_16kHz/noisy_clips_wb_16kHz/ms_realrec_nonenglish_mandarin_surface_QiaofeiYe_typing_fileid_2part_1.wav
/home/work_nfs4_ssd/lvshubo/data/DNS-2022/blind_test/wideband_16kHz/noisy_clips_wb_16kHz/ms_realrec_nonenglish_mandarin_surface_QiaofeiYe_typing_fileid_3part_1.wav
/home/work_nfs4_ssd/lvshubo/data/DNS-2022/blind_test/wideband_16kHz/noisy_clips_wb_16kHz/ms_realrec_nonenglish_Punjabi_Laptop_Garima_Baby_Cryingpart_1.wav
/home/work_nfs4_ssd/lvshubo/data/DNS-2022/blind_test/wideband_16kHz/noisy_clips_wb_16kHz/ms_realrec_nonenglish_punjabipart_0.wav
/home/work_nfs4_ssd/lvshubo/data/DNS-2022/blind_test/wideband_16kHz/noisy_clips_wb_16kHz/ms_realrec_nonenglish_punjabipart_1.wav
/home/work_nfs4_ssd/lvshubo/data/DNS-2022/blind_test/wideband_16kHz/noisy_clips_wb_16kHz/ms_realrec_nonenglish_punjabipart_2.wav
/home/work_nfs4_ssd/lvshubo/data/DNS-2022/blind_test/wideband_16kHz/noisy_clips_wb_16kHz/ms_realrec_nonenglish_punjabipart_3.wav
/home/work_nfs4_ssd/lvshubo/data/DNS-2022/blind_test/wideband_16kHz/noisy_clips_wb_16kHz/ms_realrec_nonenglish_punjabipart_4.wav
/home/work_nfs4_ssd/lvshubo/data/DNS-2022/blind_test/wideband_16kHz/noisy_clips_wb_16kHz/ms_realrec_nonenglish_punjabipart_5.wav
/home/work_nfs4_ssd/lvshubo/data/DNS-2022/blind_test/wideband_16kHz/noisy_clips_wb_16kHz/ms_realrec_nonenglish_punjabipart_6.wav
/home/work_nfs4_ssd/lvshubo/data/DNS-2022/blind_test/wideband_16kHz/noisy_clips_wb_16kHz/ms_realrec_nonenglish_punjabipart_7.wav
/home/work_nfs4_ssd/lvshubo/data/DNS-2022/blind_test/wideband_16kHz/noisy_clips_wb_16kHz/ms_realrec_nonenglish_surfacebook_seung_musicinstrumental_fildeid_1_koreanpart_0.wav
/home/work_nfs4_ssd/lvshubo/data/DNS-2022/blind_test/wideband_16kHz/noisy_clips_wb_16kHz/ms_realrec_nonenglish_surfacebook_seung_musicinstrumental_fildeid_1_koreanpart_1.wav
/home/work_nfs4_ssd/lvshubo/data/DNS-2022/blind_test/wideband_16kHz/noisy_clips_wb_16kHz/ms_realrec_nonenglish_surfacebook_seung_musicinstrumental_fildeid_1_koreanpart_2.wav
/home/work_nfs4_ssd/lvshubo/data/DNS-2022/blind_test/wideband_16kHz/noisy_clips_wb_16kHz/ms_realrec_nonenglish_surfacebook_seung_musicinstrumental_fildeid_1_koreanpart_3.wav
/home/work_nfs4_ssd/lvshubo/data/DNS-2022/blind_test/wideband_16kHz/noisy_clips_wb_16kHz/ms_realrec_nonenglish_surfacebook_seung_musicinstrumental_fildeid_1_koreanpart_4.wav
/home/work_nfs4_ssd/lvshubo/data/DNS-2022/blind_test/wideband_16kHz/noisy_clips_wb_16kHz/ms_realrec_nonenglish_surfacebook_seung_musicinstrumental_fildeid_1_koreanpart_5.wav
/home/work_nfs4_ssd/lvshubo/data/DNS-2022/blind_test/wideband_16kHz/noisy_clips_wb_16kHz/ms_realrec_nonenglish_surfacebook_seung_piano_fildeid_1_koreanpart_0.wav
/home/work_nfs4_ssd/lvshubo/data/DNS-2022/blind_test/wideband_16kHz/noisy_clips_wb_16kHz/ms_realrec_nonenglish_surfacebook_seung_piano_fildeid_1_koreanpart_1.wav
/home/work_nfs4_ssd/lvshubo/data/DNS-2022/blind_test/wideband_16kHz/noisy_clips_wb_16kHz/ms_realrec_nonenglish_surfacebook_seung_piano_fildeid_1_koreanpart_2.wav
/home/work_nfs4_ssd/lvshubo/data/DNS-2022/blind_test/wideband_16kHz/noisy_clips_wb_16kHz/ms_realrec_nonenglish_surfacebook_seung_piano_fildeid_1_koreanpart_3.wav
/home/work_nfs4_ssd/lvshubo/data/DNS-2022/blind_test/wideband_16kHz/noisy_clips_wb_16kHz/ms_realrec_nonenglish_surfacebook_seung_piano_fildeid_1_koreanpart_4.wav
/home/work_nfs4_ssd/lvshubo/data/DNS-2022/blind_test/wideband_16kHz/noisy_clips_wb_16kHz/ms_realrec_nonenglish_surfacebook_seung_piano_fildeid_1_koreanpart_5.wav
/home/work_nfs4_ssd/lvshubo/data/DNS-2022/blind_test/wideband_16kHz/noisy_clips_wb_16kHz/ms_realrec_nonenglish_surfacebook_seung_singing_fildeid_1_koreanpart_0.wav
/home/work_nfs4_ssd/lvshubo/data/DNS-2022/blind_test/wideband_16kHz/noisy_clips_wb_16kHz/ms_realrec_nonenglish_surfacebook_seung_singing_fildeid_1_koreanpart_1.wav
/home/work_nfs4_ssd/lvshubo/data/DNS-2022/blind_test/wideband_16kHz/noisy_clips_wb_16kHz/ms_realrec_nonenglish_surfacebook_seung_singing_fildeid_1_koreanpart_2.wav
/home/work_nfs4_ssd/lvshubo/data/DNS-2022/blind_test/wideband_16kHz/noisy_clips_wb_16kHz/ms_realrec_nonenglish_surfacebook_seung_singing_fildeid_1_koreanpart_3.wav
/home/work_nfs4_ssd/lvshubo/data/DNS-2022/blind_test/wideband_16kHz/noisy_clips_wb_16kHz/ms_realrec_nonenglish_surfacebook_seung_singing_fildeid_1_koreanpart_4.wav
/home/work_nfs4_ssd/lvshubo/data/DNS-2022/blind_test/wideband_16kHz/noisy_clips_wb_16kHz/ms_realrec_nonenglish_surfacebook_seung_singing_fildeid_1_koreanpart_5.wav
/home/work_nfs4_ssd/lvshubo/data/DNS-2022/blind_test/wideband_16kHz/noisy_clips_wb_16kHz/ms_realrec_nonenglish_surfacebook_seung_softelectronic_fildeid_1_koreanpart_0.wav
/home/work_nfs4_ssd/lvshubo/data/DNS-2022/blind_test/wideband_16kHz/noisy_clips_wb_16kHz/ms_realrec_nonenglish_surfacebook_seung_softelectronic_fildeid_1_koreanpart_1.wav
/home/work_nfs4_ssd/lvshubo/data/DNS-2022/blind_test/wideband_16kHz/noisy_clips_wb_16kHz/ms_realrec_nonenglish_surfacebook_seung_softelectronic_fildeid_1_koreanpart_2.wav
/home/work_nfs4_ssd/lvshubo/data/DNS-2022/blind_test/wideband_16kHz/noisy_clips_wb_16kHz/ms_realrec_nonenglish_surfacebook_seung_softelectronic_fildeid_1_koreanpart_3.wav
/home/work_nfs4_ssd/lvshubo/data/DNS-2022/blind_test/wideband_16kHz/noisy_clips_wb_16kHz/ms_realrec_nonenglish_surfacebook_seung_softelectronic_fildeid_1_koreanpart_4.wav
/home/work_nfs4_ssd/lvshubo/data/DNS-2022/blind_test/wideband_16kHz/noisy_clips_wb_16kHz/ms_realrec_nonenglish_surfacebook_seung_softelectronic_fildeid_1_koreanpart_5.wav
/home/work_nfs4_ssd/lvshubo/data/DNS-2022/blind_test/wideband_16kHz/noisy_clips_wb_16kHz/ms_realrec_nonenglish_surfacebook_seung_softrock_fildeid_1_koreanpart_0.wav
/home/work_nfs4_ssd/lvshubo/data/DNS-2022/blind_test/wideband_16kHz/noisy_clips_wb_16kHz/ms_realrec_nonenglish_surfacebook_seung_softrock_fildeid_1_koreanpart_1.wav
/home/work_nfs4_ssd/lvshubo/data/DNS-2022/blind_test/wideband_16kHz/noisy_clips_wb_16kHz/ms_realrec_nonenglish_surfacebook_seung_softrock_fildeid_1_koreanpart_2.wav
/home/work_nfs4_ssd/lvshubo/data/DNS-2022/blind_test/wideband_16kHz/noisy_clips_wb_16kHz/ms_realrec_nonenglish_surfacebook_seung_softrock_fildeid_1_koreanpart_3.wav
/home/work_nfs4_ssd/lvshubo/data/DNS-2022/blind_test/wideband_16kHz/noisy_clips_wb_16kHz/ms_realrec_nonenglish_surfacebook_seung_softrock_fildeid_1_koreanpart_4.wav
/home/work_nfs4_ssd/lvshubo/data/DNS-2022/blind_test/wideband_16kHz/noisy_clips_wb_16kHz/ms_realrec_nonenglish_surfacebook_seung_softrock_fildeid_1_koreanpart_5.wav
/home/work_nfs4_ssd/lvshubo/data/DNS-2022/blind_test/wideband_16kHz/noisy_clips_wb_16kHz/ms_realrec_nonenglish_surfacebook_seung_urban_fildeid_1_koreanpart_0.wav
/home/work_nfs4_ssd/lvshubo/data/DNS-2022/blind_test/wideband_16kHz/noisy_clips_wb_16kHz/ms_realrec_nonenglish_surfacebook_seung_urban_fildeid_1_koreanpart_1.wav
/home/work_nfs4_ssd/lvshubo/data/DNS-2022/blind_test/wideband_16kHz/noisy_clips_wb_16kHz/ms_realrec_nonenglish_surfacebook_seung_urban_fildeid_1_koreanpart_2.wav
/home/work_nfs4_ssd/lvshubo/data/DNS-2022/blind_test/wideband_16kHz/noisy_clips_wb_16kHz/ms_realrec_nonenglish_surfacebook_seung_urban_fildeid_1_koreanpart_3.wav
/home/work_nfs4_ssd/lvshubo/data/DNS-2022/blind_test/wideband_16kHz/noisy_clips_wb_16kHz/ms_realrec_nonenglish_tonal_vietnamese_headphone_EvelynLe_typing_fileidpart_1.wav
/home/work_nfs4_ssd/lvshubo/data/DNS-2022/blind_test/wideband_16kHz/noisy_clips_wb_16kHz/nonenglish_synthetic_french _fileid_0.wav
/home/work_nfs4_ssd/lvshubo/data/DNS-2022/blind_test/wideband_16kHz/noisy_clips_wb_16kHz/nonenglish_synthetic_french _fileid_10.wav
/home/work_nfs4_ssd/lvshubo/data/DNS-2022/blind_test/wideband_16kHz/noisy_clips_wb_16kHz/nonenglish_synthetic_french _fileid_11.wav
/home/work_nfs4_ssd/lvshubo/data/DNS-2022/blind_test/wideband_16kHz/noisy_clips_wb_16kHz/nonenglish_synthetic_french _fileid_12.wav
/home/work_nfs4_ssd/lvshubo/data/DNS-2022/blind_test/wideband_16kHz/noisy_clips_wb_16kHz/nonenglish_synthetic_french _fileid_13.wav
/home/work_nfs4_ssd/lvshubo/data/DNS-2022/blind_test/wideband_16kHz/noisy_clips_wb_16kHz/nonenglish_synthetic_french _fileid_14.wav
/home/work_nfs4_ssd/lvshubo/data/DNS-2022/blind_test/wideband_16kHz/noisy_clips_wb_16kHz/nonenglish_synthetic_french _fileid_15.wav
/home/work_nfs4_ssd/lvshubo/data/DNS-2022/blind_test/wideband_16kHz/noisy_clips_wb_16kHz/nonenglish_synthetic_french _fileid_1.wav
/home/work_nfs4_ssd/lvshubo/data/DNS-2022/blind_test/wideband_16kHz/noisy_clips_wb_16kHz/nonenglish_synthetic_french _fileid_2.wav
/home/work_nfs4_ssd/lvshubo/data/DNS-2022/blind_test/wideband_16kHz/noisy_clips_wb_16kHz/nonenglish_synthetic_french _fileid_3.wav
/home/work_nfs4_ssd/lvshubo/data/DNS-2022/blind_test/wideband_16kHz/noisy_clips_wb_16kHz/nonenglish_synthetic_french _fileid_4.wav
/home/work_nfs4_ssd/lvshubo/data/DNS-2022/blind_test/wideband_16kHz/noisy_clips_wb_16kHz/nonenglish_synthetic_french _fileid_5.wav
/home/work_nfs4_ssd/lvshubo/data/DNS-2022/blind_test/wideband_16kHz/noisy_clips_wb_16kHz/nonenglish_synthetic_french _fileid_6.wav
/home/work_nfs4_ssd/lvshubo/data/DNS-2022/blind_test/wideband_16kHz/noisy_clips_wb_16kHz/nonenglish_synthetic_french _fileid_7.wav
/home/work_nfs4_ssd/lvshubo/data/DNS-2022/blind_test/wideband_16kHz/noisy_clips_wb_16kHz/nonenglish_synthetic_french _fileid_8.wav
/home/work_nfs4_ssd/lvshubo/data/DNS-2022/blind_test/wideband_16kHz/noisy_clips_wb_16kHz/nonenglish_synthetic_french _fileid_9.wav
/home/work_nfs4_ssd/lvshubo/data/DNS-2022/blind_test/wideband_16kHz/noisy_clips_wb_16kHz/nonenglish_synthetic_german _fileid_0.wav
/home/work_nfs4_ssd/lvshubo/data/DNS-2022/blind_test/wideband_16kHz/noisy_clips_wb_16kHz/nonenglish_synthetic_german _fileid_10.wav
/home/work_nfs4_ssd/lvshubo/data/DNS-2022/blind_test/wideband_16kHz/noisy_clips_wb_16kHz/nonenglish_synthetic_german _fileid_11.wav
/home/work_nfs4_ssd/lvshubo/data/DNS-2022/blind_test/wideband_16kHz/noisy_clips_wb_16kHz/nonenglish_synthetic_german _fileid_12.wav
/home/work_nfs4_ssd/lvshubo/data/DNS-2022/blind_test/wideband_16kHz/noisy_clips_wb_16kHz/nonenglish_synthetic_german _fileid_13.wav
/home/work_nfs4_ssd/lvshubo/data/DNS-2022/blind_test/wideband_16kHz/noisy_clips_wb_16kHz/nonenglish_synthetic_german _fileid_14.wav
/home/work_nfs4_ssd/lvshubo/data/DNS-2022/blind_test/wideband_16kHz/noisy_clips_wb_16kHz/nonenglish_synthetic_german _fileid_15.wav
/home/work_nfs4_ssd/lvshubo/data/DNS-2022/blind_test/wideband_16kHz/noisy_clips_wb_16kHz/nonenglish_synthetic_german _fileid_1.wav
/home/work_nfs4_ssd/lvshubo/data/DNS-2022/blind_test/wideband_16kHz/noisy_clips_wb_16kHz/nonenglish_synthetic_german _fileid_2.wav
/home/work_nfs4_ssd/lvshubo/data/DNS-2022/blind_test/wideband_16kHz/noisy_clips_wb_16kHz/nonenglish_synthetic_german _fileid_3.wav
/home/work_nfs4_ssd/lvshubo/data/DNS-2022/blind_test/wideband_16kHz/noisy_clips_wb_16kHz/nonenglish_synthetic_german _fileid_4.wav
/home/work_nfs4_ssd/lvshubo/data/DNS-2022/blind_test/wideband_16kHz/noisy_clips_wb_16kHz/nonenglish_synthetic_german _fileid_5.wav
/home/work_nfs4_ssd/lvshubo/data/DNS-2022/blind_test/wideband_16kHz/noisy_clips_wb_16kHz/nonenglish_synthetic_german _fileid_6.wav
/home/work_nfs4_ssd/lvshubo/data/DNS-2022/blind_test/wideband_16kHz/noisy_clips_wb_16kHz/nonenglish_synthetic_german _fileid_7.wav
/home/work_nfs4_ssd/lvshubo/data/DNS-2022/blind_test/wideband_16kHz/noisy_clips_wb_16kHz/nonenglish_synthetic_german _fileid_8.wav
/home/work_nfs4_ssd/lvshubo/data/DNS-2022/blind_test/wideband_16kHz/noisy_clips_wb_16kHz/nonenglish_synthetic_german _fileid_9.wav
/home/work_nfs4_ssd/lvshubo/data/DNS-2022/blind_test/wideband_16kHz/noisy_clips_wb_16kHz/nonenglish_synthetic_italian _fileid_0.wav
/home/work_nfs4_ssd/lvshubo/data/DNS-2022/blind_test/wideband_16kHz/noisy_clips_wb_16kHz/nonenglish_synthetic_italian _fileid_10.wav
/home/work_nfs4_ssd/lvshubo/data/DNS-2022/blind_test/wideband_16kHz/noisy_clips_wb_16kHz/nonenglish_synthetic_italian _fileid_11.wav
/home/work_nfs4_ssd/lvshubo/data/DNS-2022/blind_test/wideband_16kHz/noisy_clips_wb_16kHz/nonenglish_synthetic_italian _fileid_12.wav
/home/work_nfs4_ssd/lvshubo/data/DNS-2022/blind_test/wideband_16kHz/noisy_clips_wb_16kHz/nonenglish_synthetic_italian _fileid_13.wav
/home/work_nfs4_ssd/lvshubo/data/DNS-2022/blind_test/wideband_16kHz/noisy_clips_wb_16kHz/nonenglish_synthetic_italian _fileid_14.wav
/home/work_nfs4_ssd/lvshubo/data/DNS-2022/blind_test/wideband_16kHz/noisy_clips_wb_16kHz/nonenglish_synthetic_italian _fileid_1.wav
/home/work_nfs4_ssd/lvshubo/data/DNS-2022/blind_test/wideband_16kHz/noisy_clips_wb_16kHz/nonenglish_synthetic_italian _fileid_2.wav
/home/work_nfs4_ssd/lvshubo/data/DNS-2022/blind_test/wideband_16kHz/noisy_clips_wb_16kHz/nonenglish_synthetic_italian _fileid_3.wav
/home/work_nfs4_ssd/lvshubo/data/DNS-2022/blind_test/wideband_16kHz/noisy_clips_wb_16kHz/nonenglish_synthetic_italian _fileid_4.wav
/home/work_nfs4_ssd/lvshubo/data/DNS-2022/blind_test/wideband_16kHz/noisy_clips_wb_16kHz/nonenglish_synthetic_italian _fileid_5.wav
/home/work_nfs4_ssd/lvshubo/data/DNS-2022/blind_test/wideband_16kHz/noisy_clips_wb_16kHz/nonenglish_synthetic_italian _fileid_6.wav
/home/work_nfs4_ssd/lvshubo/data/DNS-2022/blind_test/wideband_16kHz/noisy_clips_wb_16kHz/nonenglish_synthetic_italian _fileid_7.wav
/home/work_nfs4_ssd/lvshubo/data/DNS-2022/blind_test/wideband_16kHz/noisy_clips_wb_16kHz/nonenglish_synthetic_italian _fileid_8.wav
/home/work_nfs4_ssd/lvshubo/data/DNS-2022/blind_test/wideband_16kHz/noisy_clips_wb_16kHz/nonenglish_synthetic_italian _fileid_9.wav
/home/work_nfs4_ssd/lvshubo/data/DNS-2022/blind_test/wideband_16kHz/noisy_clips_wb_16kHz/nonenglish_synthetic_portuguese _fileid_0.wav
/home/work_nfs4_ssd/lvshubo/data/DNS-2022/blind_test/wideband_16kHz/noisy_clips_wb_16kHz/nonenglish_synthetic_portuguese _fileid_10.wav
/home/work_nfs4_ssd/lvshubo/data/DNS-2022/blind_test/wideband_16kHz/noisy_clips_wb_16kHz/nonenglish_synthetic_portuguese _fileid_1.wav
/home/work_nfs4_ssd/lvshubo/data/DNS-2022/blind_test/wideband_16kHz/noisy_clips_wb_16kHz/nonenglish_synthetic_portuguese _fileid_2.wav
/home/work_nfs4_ssd/lvshubo/data/DNS-2022/blind_test/wideband_16kHz/noisy_clips_wb_16kHz/nonenglish_synthetic_portuguese _fileid_3.wav
/home/work_nfs4_ssd/lvshubo/data/DNS-2022/blind_test/wideband_16kHz/noisy_clips_wb_16kHz/nonenglish_synthetic_portuguese _fileid_4.wav
/home/work_nfs4_ssd/lvshubo/data/DNS-2022/blind_test/wideband_16kHz/noisy_clips_wb_16kHz/nonenglish_synthetic_portuguese _fileid_5.wav
/home/work_nfs4_ssd/lvshubo/data/DNS-2022/blind_test/wideband_16kHz/noisy_clips_wb_16kHz/nonenglish_synthetic_portuguese _fileid_6.wav
/home/work_nfs4_ssd/lvshubo/data/DNS-2022/blind_test/wideband_16kHz/noisy_clips_wb_16kHz/nonenglish_synthetic_portuguese _fileid_7.wav
/home/work_nfs4_ssd/lvshubo/data/DNS-2022/blind_test/wideband_16kHz/noisy_clips_wb_16kHz/nonenglish_synthetic_portuguese _fileid_8.wav
/home/work_nfs4_ssd/lvshubo/data/DNS-2022/blind_test/wideband_16kHz/noisy_clips_wb_16kHz/nonenglish_synthetic_portuguese _fileid_9.wav
/home/work_nfs4_ssd/lvshubo/data/DNS-2022/blind_test/wideband_16kHz/noisy_clips_wb_16kHz/nonenglish_tonal_synthetic_chinese _fileid_0.wav
/home/work_nfs4_ssd/lvshubo/data/DNS-2022/blind_test/wideband_16kHz/noisy_clips_wb_16kHz/nonenglish_tonal_synthetic_chinese _fileid_10.wav
/home/work_nfs4_ssd/lvshubo/data/DNS-2022/blind_test/wideband_16kHz/noisy_clips_wb_16kHz/nonenglish_tonal_synthetic_chinese _fileid_11.wav
/home/work_nfs4_ssd/lvshubo/data/DNS-2022/blind_test/wideband_16kHz/noisy_clips_wb_16kHz/nonenglish_tonal_synthetic_chinese _fileid_12.wav
/home/work_nfs4_ssd/lvshubo/data/DNS-2022/blind_test/wideband_16kHz/noisy_clips_wb_16kHz/nonenglish_tonal_synthetic_chinese _fileid_13.wav
/home/work_nfs4_ssd/lvshubo/data/DNS-2022/blind_test/wideband_16kHz/noisy_clips_wb_16kHz/nonenglish_tonal_synthetic_chinese _fileid_14.wav
/home/work_nfs4_ssd/lvshubo/data/DNS-2022/blind_test/wideband_16kHz/noisy_clips_wb_16kHz/nonenglish_tonal_synthetic_chinese _fileid_15.wav
/home/work_nfs4_ssd/lvshubo/data/DNS-2022/blind_test/wideband_16kHz/noisy_clips_wb_16kHz/nonenglish_tonal_synthetic_chinese _fileid_16.wav
/home/work_nfs4_ssd/lvshubo/data/DNS-2022/blind_test/wideband_16kHz/noisy_clips_wb_16kHz/nonenglish_tonal_synthetic_chinese _fileid_17.wav
/home/work_nfs4_ssd/lvshubo/data/DNS-2022/blind_test/wideband_16kHz/noisy_clips_wb_16kHz/nonenglish_tonal_synthetic_chinese _fileid_18.wav
/home/work_nfs4_ssd/lvshubo/data/DNS-2022/blind_test/wideband_16kHz/noisy_clips_wb_16kHz/nonenglish_tonal_synthetic_chinese _fileid_19.wav
/home/work_nfs4_ssd/lvshubo/data/DNS-2022/blind_test/wideband_16kHz/noisy_clips_wb_16kHz/nonenglish_tonal_synthetic_chinese _fileid_1.wav
/home/work_nfs4_ssd/lvshubo/data/DNS-2022/blind_test/wideband_16kHz/noisy_clips_wb_16kHz/nonenglish_tonal_synthetic_chinese _fileid_2.wav
/home/work_nfs4_ssd/lvshubo/data/DNS-2022/blind_test/wideband_16kHz/noisy_clips_wb_16kHz/nonenglish_tonal_synthetic_chinese _fileid_3.wav
/home/work_nfs4_ssd/lvshubo/data/DNS-2022/blind_test/wideband_16kHz/noisy_clips_wb_16kHz/nonenglish_tonal_synthetic_chinese _fileid_4.wav
/home/work_nfs4_ssd/lvshubo/data/DNS-2022/blind_test/wideband_16kHz/noisy_clips_wb_16kHz/nonenglish_tonal_synthetic_chinese _fileid_5.wav
/home/work_nfs4_ssd/lvshubo/data/DNS-2022/blind_test/wideband_16kHz/noisy_clips_wb_16kHz/nonenglish_tonal_synthetic_chinese _fileid_6.wav
/home/work_nfs4_ssd/lvshubo/data/DNS-2022/blind_test/wideband_16kHz/noisy_clips_wb_16kHz/nonenglish_tonal_synthetic_chinese _fileid_7.wav
/home/work_nfs4_ssd/lvshubo/data/DNS-2022/blind_test/wideband_16kHz/noisy_clips_wb_16kHz/nonenglish_tonal_synthetic_chinese _fileid_8.wav
/home/work_nfs4_ssd/lvshubo/data/DNS-2022/blind_test/wideband_16kHz/noisy_clips_wb_16kHz/nonenglish_tonal_synthetic_chinese _fileid_9.wav
/home/work_nfs4_ssd/lvshubo/data/DNS-2022/blind_test/wideband_16kHz/noisy_clips_wb_16kHz/nonenglish_tonal_synthetic_punjabi _fileid_0.wav
/home/work_nfs4_ssd/lvshubo/data/DNS-2022/blind_test/wideband_16kHz/noisy_clips_wb_16kHz/nonenglish_tonal_synthetic_punjabi _fileid_10.wav
/home/work_nfs4_ssd/lvshubo/data/DNS-2022/blind_test/wideband_16kHz/noisy_clips_wb_16kHz/nonenglish_tonal_synthetic_punjabi _fileid_11.wav
/home/work_nfs4_ssd/lvshubo/data/DNS-2022/blind_test/wideband_16kHz/noisy_clips_wb_16kHz/nonenglish_tonal_synthetic_punjabi _fileid_12.wav
/home/work_nfs4_ssd/lvshubo/data/DNS-2022/blind_test/wideband_16kHz/noisy_clips_wb_16kHz/nonenglish_tonal_synthetic_punjabi _fileid_13.wav
/home/work_nfs4_ssd/lvshubo/data/DNS-2022/blind_test/wideband_16kHz/noisy_clips_wb_16kHz/nonenglish_tonal_synthetic_punjabi _fileid_14.wav
/home/work_nfs4_ssd/lvshubo/data/DNS-2022/blind_test/wideband_16kHz/noisy_clips_wb_16kHz/nonenglish_tonal_synthetic_punjabi _fileid_15.wav
/home/work_nfs4_ssd/lvshubo/data/DNS-2022/blind_test/wideband_16kHz/noisy_clips_wb_16kHz/nonenglish_tonal_synthetic_punjabi _fileid_1.wav
/home/work_nfs4_ssd/lvshubo/data/DNS-2022/blind_test/wideband_16kHz/noisy_clips_wb_16kHz/nonenglish_tonal_synthetic_punjabi _fileid_2.wav
/home/work_nfs4_ssd/lvshubo/data/DNS-2022/blind_test/wideband_16kHz/noisy_clips_wb_16kHz/nonenglish_tonal_synthetic_punjabi _fileid_3.wav
/home/work_nfs4_ssd/lvshubo/data/DNS-2022/blind_test/wideband_16kHz/noisy_clips_wb_16kHz/nonenglish_tonal_synthetic_punjabi _fileid_4.wav
/home/work_nfs4_ssd/lvshubo/data/DNS-2022/blind_test/wideband_16kHz/noisy_clips_wb_16kHz/nonenglish_tonal_synthetic_punjabi _fileid_5.wav
/home/work_nfs4_ssd/lvshubo/data/DNS-2022/blind_test/wideband_16kHz/noisy_clips_wb_16kHz/nonenglish_tonal_synthetic_punjabi _fileid_6.wav
/home/work_nfs4_ssd/lvshubo/data/DNS-2022/blind_test/wideband_16kHz/noisy_clips_wb_16kHz/nonenglish_tonal_synthetic_punjabi _fileid_7.wav
/home/work_nfs4_ssd/lvshubo/data/DNS-2022/blind_test/wideband_16kHz/noisy_clips_wb_16kHz/nonenglish_tonal_synthetic_punjabi _fileid_8.wav
/home/work_nfs4_ssd/lvshubo/data/DNS-2022/blind_test/wideband_16kHz/noisy_clips_wb_16kHz/nonenglish_tonal_synthetic_punjabi _fileid_9.wav
/home/work_nfs4_ssd/lvshubo/data/DNS-2022/blind_test/wideband_16kHz/noisy_clips_wb_16kHz/nonenglish_tonal_synthetic_vietnamese _fileid_0.wav
/home/work_nfs4_ssd/lvshubo/data/DNS-2022/blind_test/wideband_16kHz/noisy_clips_wb_16kHz/nonenglish_tonal_synthetic_vietnamese _fileid_10.wav
/home/work_nfs4_ssd/lvshubo/data/DNS-2022/blind_test/wideband_16kHz/noisy_clips_wb_16kHz/nonenglish_tonal_synthetic_vietnamese _fileid_11.wav
/home/work_nfs4_ssd/lvshubo/data/DNS-2022/blind_test/wideband_16kHz/noisy_clips_wb_16kHz/nonenglish_tonal_synthetic_vietnamese _fileid_12.wav
/home/work_nfs4_ssd/lvshubo/data/DNS-2022/blind_test/wideband_16kHz/noisy_clips_wb_16kHz/nonenglish_tonal_synthetic_vietnamese _fileid_13.wav
/home/work_nfs4_ssd/lvshubo/data/DNS-2022/blind_test/wideband_16kHz/noisy_clips_wb_16kHz/nonenglish_tonal_synthetic_vietnamese _fileid_14.wav
/home/work_nfs4_ssd/lvshubo/data/DNS-2022/blind_test/wideband_16kHz/noisy_clips_wb_16kHz/nonenglish_tonal_synthetic_vietnamese _fileid_15.wav
/home/work_nfs4_ssd/lvshubo/data/DNS-2022/blind_test/wideband_16kHz/noisy_clips_wb_16kHz/nonenglish_tonal_synthetic_vietnamese _fileid_1.wav
/home/work_nfs4_ssd/lvshubo/data/DNS-2022/blind_test/wideband_16kHz/noisy_clips_wb_16kHz/nonenglish_tonal_synthetic_vietnamese _fileid_2.wav
/home/work_nfs4_ssd/lvshubo/data/DNS-2022/blind_test/wideband_16kHz/noisy_clips_wb_16kHz/nonenglish_tonal_synthetic_vietnamese _fileid_3.wav
/home/work_nfs4_ssd/lvshubo/data/DNS-2022/blind_test/wideband_16kHz/noisy_clips_wb_16kHz/nonenglish_tonal_synthetic_vietnamese _fileid_4.wav
/home/work_nfs4_ssd/lvshubo/data/DNS-2022/blind_test/wideband_16kHz/noisy_clips_wb_16kHz/nonenglish_tonal_synthetic_vietnamese _fileid_5.wav
/home/work_nfs4_ssd/lvshubo/data/DNS-2022/blind_test/wideband_16kHz/noisy_clips_wb_16kHz/nonenglish_tonal_synthetic_vietnamese _fileid_6.wav
/home/work_nfs4_ssd/lvshubo/data/DNS-2022/blind_test/wideband_16kHz/noisy_clips_wb_16kHz/nonenglish_tonal_synthetic_vietnamese _fileid_7.wav
/home/work_nfs4_ssd/lvshubo/data/DNS-2022/blind_test/wideband_16kHz/noisy_clips_wb_16kHz/nonenglish_tonal_synthetic_vietnamese _fileid_8.wav
/home/work_nfs4_ssd/lvshubo/data/DNS-2022/blind_test/wideband_16kHz/noisy_clips_wb_16kHz/nonenglish_tonal_synthetic_vietnamese _fileid_9.wav
/home/work_nfs4_ssd/lvshubo/data/DNS-2022/blind_test/wideband_16kHz/noisy_clips_wb_16kHz/stationary_english_tug_1903_voss_5_snr21_tl-23_fileid_27.wav
/home/work_nfs4_ssd/lvshubo/data/DNS-2022/blind_test/wideband_16kHz/noisy_clips_wb_16kHz/stationary_english_tug_2045_white_7_snr10_tl-24_fileid_28.wav
/home/work_nfs4_ssd/lvshubo/data/DNS-2022/blind_test/wideband_16kHz/noisy_clips_wb_16kHz/stationary_english_tug_2086_colored_12_snr6_tl-31_fileid_29.wav
/home/work_nfs4_ssd/lvshubo/data/DNS-2022/blind_test/wideband_16kHz/noisy_clips_wb_16kHz/stationary_english_tug_2127_white_15_snr20_tl-32_fileid_30.wav
/home/work_nfs4_ssd/lvshubo/data/DNS-2022/blind_test/wideband_16kHz/noisy_clips_wb_16kHz/stationary_english_tug_2206_colored_4_snr15_tl-32_fileid_32.wav
/home/work_nfs4_ssd/lvshubo/data/DNS-2022/blind_test/wideband_16kHz/noisy_clips_wb_16kHz/stationary_english_tug_2236_white_8_snr23_tl-23_fileid_33.wav
/home/work_nfs4_ssd/lvshubo/data/DNS-2022/blind_test/wideband_16kHz/noisy_clips_wb_16kHz/stationary_english_tug_2253_colored_3_snr21_tl-21_fileid_34.wav
/home/work_nfs4_ssd/lvshubo/data/DNS-2022/blind_test/wideband_16kHz/noisy_clips_wb_16kHz/stationary_english_tug_2274_white_17_snr5_tl-26_fileid_35.wav
/home/work_nfs4_ssd/lvshubo/data/DNS-2022/blind_test/wideband_16kHz/noisy_clips_wb_16kHz/stationary_english_tug_2286_voss_5_snr0_tl-30_fileid_36.wav
/home/work_nfs4_ssd/lvshubo/data/DNS-2022/blind_test/wideband_16kHz/noisy_clips_wb_16kHz/stationary_english_tug_2289_voss_18_snr0_tl-18_fileid_37.wav
/home/work_nfs4_ssd/lvshubo/data/DNS-2022/blind_test/wideband_16kHz/noisy_clips_wb_16kHz/stationary_english_tug_2305_white_18_snr4_tl-33_fileid_38.wav
/home/work_nfs4_ssd/lvshubo/data/DNS-2022/blind_test/wideband_16kHz/noisy_clips_wb_16kHz/stationary_english_tug_2309_white_16_snr3_tl-33_fileid_39.wav
/home/work_nfs4_ssd/lvshubo/data/DNS-2022/blind_test/wideband_16kHz/noisy_clips_wb_16kHz/stationary_english_tug_2391_voss_9_snr21_tl-26_fileid_41.wav
/home/work_nfs4_ssd/lvshubo/data/DNS-2022/blind_test/wideband_16kHz/noisy_clips_wb_16kHz/stationary_english_tug_2414_colored_0_snr10_tl-25_fileid_42.wav
/home/work_nfs4_ssd/lvshubo/data/DNS-2022/blind_test/wideband_16kHz/noisy_clips_wb_16kHz/stationary_english_tug_2428_white_11_snr23_tl-33_fileid_43.wav
/home/work_nfs4_ssd/lvshubo/data/DNS-2022/blind_test/wideband_16kHz/noisy_clips_wb_16kHz/stationary_english_tug_2458_white_7_snr2_tl-32_fileid_44.wav
/home/work_nfs4_ssd/lvshubo/data/DNS-2022/blind_test/wideband_16kHz/noisy_clips_wb_16kHz/stationary_english_tug_2489_voss_18_snr3_tl-24_fileid_45.wav
/home/work_nfs4_ssd/lvshubo/data/DNS-2022/blind_test/wideband_16kHz/noisy_clips_wb_16kHz/stationary_english_tug_2524_white_14_snr3_tl-20_fileid_46.wav
/home/work_nfs4_ssd/lvshubo/data/DNS-2022/blind_test/wideband_16kHz/noisy_clips_wb_16kHz/stationary_english_tug_2538_white_18_snr14_tl-26_fileid_47.wav
/home/work_nfs4_ssd/lvshubo/data/DNS-2022/blind_test/wideband_16kHz/noisy_clips_wb_16kHz/stationary_english_tug_2541_white_8_snr1_tl-31_fileid_48.wav
/home/work_nfs4_ssd/lvshubo/data/DNS-2022/blind_test/wideband_16kHz/noisy_clips_wb_16kHz/stationary_english_tug_2548_colored_18_snr22_tl-24_fileid_49.wav
/home/work_nfs4_ssd/lvshubo/data/DNS-2022/blind_test/wideband_16kHz/noisy_clips_wb_16kHz/stationary_english_tug_2576_white_0_snr11_tl-33_fileid_50.wav
/home/work_nfs4_ssd/lvshubo/data/DNS-2022/blind_test/wideband_16kHz/noisy_clips_wb_16kHz/stationary_english_tug_2581_white_19_snr16_tl-35_fileid_51.wav
/home/work_nfs4_ssd/lvshubo/data/DNS-2022/blind_test/wideband_16kHz/noisy_clips_wb_16kHz/stationary_english_tug_2634_white_4_snr0_tl-29_fileid_52.wav
/home/work_nfs4_ssd/lvshubo/data/DNS-2022/blind_test/wideband_16kHz/noisy_clips_wb_16kHz/stationary_english_tug_2695_colored_9_snr14_tl-25_fileid_53.wav
/home/work_nfs4_ssd/lvshubo/data/DNS-2022/blind_test/wideband_16kHz/noisy_clips_wb_16kHz/stationary_english_tug_2725_white_19_snr24_tl-27_fileid_54.wav
/home/work_nfs4_ssd/lvshubo/data/DNS-2022/blind_test/wideband_16kHz/noisy_clips_wb_16kHz/stationary_english_tug_2742_colored_3_snr24_tl-33_fileid_55.wav
/home/work_nfs4_ssd/lvshubo/data/DNS-2022/blind_test/wideband_16kHz/noisy_clips_wb_16kHz/stationary_english_tug_2845_colored_11_snr2_tl-24_fileid_56.wav
/home/work_nfs4_ssd/lvshubo/data/DNS-2022/blind_test/wideband_16kHz/noisy_clips_wb_16kHz/stationary_english_tug_2874_colored_3_snr16_tl-27_fileid_57.wav
/home/work_nfs4_ssd/lvshubo/data/DNS-2022/blind_test/wideband_16kHz/noisy_clips_wb_16kHz/stationary_english_tug_2956_colored_16_snr19_tl-27_fileid_58.wav
/home/work_nfs4_ssd/lvshubo/data/DNS-2022/blind_test/wideband_16kHz/noisy_clips_wb_16kHz/stationary_english_tug_2960_voss_14_snr2_tl-32_fileid_59.wav
/home/work_nfs4_ssd/lvshubo/data/DNS-2022/blind_test/wideband_16kHz/noisy_clips_wb_16kHz/stationary_english_tug_3004_white_12_snr14_tl-35_fileid_60.wav
/home/work_nfs4_ssd/lvshubo/data/DNS-2022/blind_test/wideband_16kHz/noisy_clips_wb_16kHz/stationary_english_tug_3047_colored_12_snr3_tl-22_fileid_61.wav
/home/work_nfs4_ssd/lvshubo/data/DNS-2022/blind_test/wideband_16kHz/noisy_clips_wb_16kHz/stationary_english_tug_3085_colored_19_snr22_tl-22_fileid_62.wav
/home/work_nfs4_ssd/lvshubo/data/DNS-2022/blind_test/wideband_16kHz/noisy_clips_wb_16kHz/stationary_english_tug_3087_white_7_snr13_tl-24_fileid_63.wav
/home/work_nfs4_ssd/lvshubo/data/DNS-2022/blind_test/wideband_16kHz/noisy_clips_wb_16kHz/stationary_english_tug_3096_white_6_snr16_tl-21_fileid_64.wav
/home/work_nfs4_ssd/lvshubo/data/DNS-2022/blind_test/wideband_16kHz/noisy_clips_wb_16kHz/stationary_english_tug_3102_voss_13_snr16_tl-22_fileid_65.wav
/home/work_nfs4_ssd/lvshubo/data/DNS-2022/blind_test/wideband_16kHz/noisy_clips_wb_16kHz/stationary_english_tug_3137_voss_3_snr8_tl-35_fileid_66.wav
/home/work_nfs4_ssd/lvshubo/data/DNS-2022/blind_test/wideband_16kHz/noisy_clips_wb_16kHz/stationary_english_tug_3189_voss_6_snr6_tl-22_fileid_67.wav
/home/work_nfs4_ssd/lvshubo/data/DNS-2022/blind_test/wideband_16kHz/noisy_clips_wb_16kHz/stationary_english_tug_3232_colored_15_snr24_tl-21_fileid_68.wav
/home/work_nfs4_ssd/lvshubo/data/DNS-2022/blind_test/wideband_16kHz/noisy_clips_wb_16kHz/stationary_english_tug_3268_white_1_snr18_tl-27_fileid_69.wav
/home/work_nfs4_ssd/lvshubo/data/DNS-2022/blind_test/wideband_16kHz/noisy_clips_wb_16kHz/stationary_english_tug_3293_white_4_snr15_tl-24_fileid_70.wav
/home/work_nfs4_ssd/lvshubo/data/DNS-2022/blind_test/wideband_16kHz/noisy_clips_wb_16kHz/stationary_english_tug_3300_voss_8_snr15_tl-34_fileid_71.wav
/home/work_nfs4_ssd/lvshubo/data/DNS-2022/blind_test/wideband_16kHz/noisy_clips_wb_16kHz/stationary_english_tug_3316_voss_19_snr22_tl-23_fileid_72.wav
/home/work_nfs4_ssd/lvshubo/data/DNS-2022/blind_test/wideband_16kHz/noisy_clips_wb_16kHz/stationary_english_tug_3336_voss_12_snr24_tl-32_fileid_73.wav
/home/work_nfs4_ssd/lvshubo/data/DNS-2022/blind_test/wideband_16kHz/noisy_clips_wb_16kHz/stationary_english_tug_3383_colored_8_snr15_tl-32_fileid_74.wav
/home/work_nfs4_ssd/lvshubo/data/DNS-2022/blind_test/wideband_16kHz/noisy_clips_wb_16kHz/stationary_english_tug_3437_white_10_snr12_tl-29_fileid_75.wav
/home/work_nfs4_ssd/lvshubo/data/DNS-2022/blind_test/wideband_16kHz/noisy_clips_wb_16kHz/stationary_english_tug_3468_voss_5_snr22_tl-30_fileid_76.wav
/home/work_nfs4_ssd/lvshubo/data/DNS-2022/blind_test/wideband_16kHz/noisy_clips_wb_16kHz/stationary_english_tug_3525_voss_11_snr11_tl-35_fileid_77.wav
/home/work_nfs4_ssd/lvshubo/data/DNS-2022/blind_test/wideband_16kHz/noisy_clips_wb_16kHz/stationary_english_tug_3543_colored_19_snr8_tl-25_fileid_78.wav
